deploy	Set up job	Ôªø2026-02-11T01:24:55.0670479Z Current runner version: '2.331.0'
deploy	Set up job	2026-02-11T01:24:55.0707134Z ##[group]Runner Image Provisioner
deploy	Set up job	2026-02-11T01:24:55.0708346Z Hosted Compute Agent
deploy	Set up job	2026-02-11T01:24:55.0709229Z Version: 20260123.484
deploy	Set up job	2026-02-11T01:24:55.0710335Z Commit: 6bd6555ca37d84114959e1c76d2c01448ff61c5d
deploy	Set up job	2026-02-11T01:24:55.0711649Z Build Date: 2026-01-23T19:41:17Z
deploy	Set up job	2026-02-11T01:24:55.0712693Z Worker ID: {a1a32862-c339-4b1d-8f36-e2900927193d}
deploy	Set up job	2026-02-11T01:24:55.0713981Z Azure Region: centralus
deploy	Set up job	2026-02-11T01:24:55.0714945Z ##[endgroup]
deploy	Set up job	2026-02-11T01:24:55.0717293Z ##[group]Operating System
deploy	Set up job	2026-02-11T01:24:55.0718353Z Ubuntu
deploy	Set up job	2026-02-11T01:24:55.0719120Z 24.04.3
deploy	Set up job	2026-02-11T01:24:55.0719815Z LTS
deploy	Set up job	2026-02-11T01:24:55.0720965Z ##[endgroup]
deploy	Set up job	2026-02-11T01:24:55.0721821Z ##[group]Runner Image
deploy	Set up job	2026-02-11T01:24:55.0722703Z Image: ubuntu-24.04
deploy	Set up job	2026-02-11T01:24:55.0723894Z Version: 20260201.15.1
deploy	Set up job	2026-02-11T01:24:55.0725749Z Included Software: https://github.com/actions/runner-images/blob/ubuntu24/20260201.15/images/ubuntu/Ubuntu2404-Readme.md
deploy	Set up job	2026-02-11T01:24:55.0728948Z Image Release: https://github.com/actions/runner-images/releases/tag/ubuntu24%2F20260201.15
deploy	Set up job	2026-02-11T01:24:55.0730801Z ##[endgroup]
deploy	Set up job	2026-02-11T01:24:55.0732669Z ##[group]GITHUB_TOKEN Permissions
deploy	Set up job	2026-02-11T01:24:55.0735268Z Contents: read
deploy	Set up job	2026-02-11T01:24:55.0736201Z Metadata: read
deploy	Set up job	2026-02-11T01:24:55.0737132Z ##[endgroup]
deploy	Set up job	2026-02-11T01:24:55.0740021Z Secret source: Actions
deploy	Set up job	2026-02-11T01:24:55.0741356Z Prepare workflow directory
deploy	Set up job	2026-02-11T01:24:55.1159489Z Prepare all required actions
deploy	Set up job	2026-02-11T01:24:55.1215939Z Getting action download info
deploy	Set up job	2026-02-11T01:24:55.5037408Z Download action repository 'actions/checkout@v4' (SHA:34e114876b0b11c390a56381ad16ebd13914f8d5)
deploy	Set up job	2026-02-11T01:24:55.6371657Z Download action repository 'actions/setup-node@v4' (SHA:49933ea5288caeca8642d1e84afbd3f7d6820020)
deploy	Set up job	2026-02-11T01:24:55.7569038Z Download action repository 'aws-actions/configure-aws-credentials@v4' (SHA:7474bc4690e29a8392af63c5b98e7449536d5c3a)
deploy	Set up job	2026-02-11T01:24:56.4126612Z Complete job name: deploy
deploy	Checkout repo	Ôªø2026-02-11T01:24:56.4845121Z ##[group]Run actions/checkout@v4
deploy	Checkout repo	2026-02-11T01:24:56.4846066Z with:
deploy	Checkout repo	2026-02-11T01:24:56.4846538Z   repository: AIX-Clever/chat-booking-admin
deploy	Checkout repo	2026-02-11T01:24:56.4847297Z   token: ***
deploy	Checkout repo	2026-02-11T01:24:56.4847735Z   ssh-strict: true
deploy	Checkout repo	2026-02-11T01:24:56.4848158Z   ssh-user: git
deploy	Checkout repo	2026-02-11T01:24:56.4848590Z   persist-credentials: true
deploy	Checkout repo	2026-02-11T01:24:56.4849080Z   clean: true
deploy	Checkout repo	2026-02-11T01:24:56.4849522Z   sparse-checkout-cone-mode: true
deploy	Checkout repo	2026-02-11T01:24:56.4850057Z   fetch-depth: 1
deploy	Checkout repo	2026-02-11T01:24:56.4850479Z   fetch-tags: false
deploy	Checkout repo	2026-02-11T01:24:56.4851146Z   show-progress: true
deploy	Checkout repo	2026-02-11T01:24:56.4851590Z   lfs: false
deploy	Checkout repo	2026-02-11T01:24:56.4851986Z   submodules: false
deploy	Checkout repo	2026-02-11T01:24:56.4852426Z   set-safe-directory: true
deploy	Checkout repo	2026-02-11T01:24:56.4853182Z ##[endgroup]
deploy	Checkout repo	2026-02-11T01:24:56.5929051Z Syncing repository: AIX-Clever/chat-booking-admin
deploy	Checkout repo	2026-02-11T01:24:56.5931500Z ##[group]Getting Git version info
deploy	Checkout repo	2026-02-11T01:24:56.5932418Z Working directory is '/home/runner/work/chat-booking-admin/chat-booking-admin'
deploy	Checkout repo	2026-02-11T01:24:56.5933722Z [command]/usr/bin/git version
deploy	Checkout repo	2026-02-11T01:24:56.5990345Z git version 2.52.0
deploy	Checkout repo	2026-02-11T01:24:56.6016866Z ##[endgroup]
deploy	Checkout repo	2026-02-11T01:24:56.6031320Z Temporarily overriding HOME='/home/runner/work/_temp/fa145039-670d-47ce-81e3-df5fe651b57b' before making global git config changes
deploy	Checkout repo	2026-02-11T01:24:56.6032851Z Adding repository directory to the temporary git global config as a safe directory
deploy	Checkout repo	2026-02-11T01:24:56.6044168Z [command]/usr/bin/git config --global --add safe.directory /home/runner/work/chat-booking-admin/chat-booking-admin
deploy	Checkout repo	2026-02-11T01:24:56.6081084Z Deleting the contents of '/home/runner/work/chat-booking-admin/chat-booking-admin'
deploy	Checkout repo	2026-02-11T01:24:56.6084565Z ##[group]Initializing the repository
deploy	Checkout repo	2026-02-11T01:24:56.6088551Z [command]/usr/bin/git init /home/runner/work/chat-booking-admin/chat-booking-admin
deploy	Checkout repo	2026-02-11T01:24:56.6182061Z hint: Using 'master' as the name for the initial branch. This default branch name
deploy	Checkout repo	2026-02-11T01:24:56.6184208Z hint: will change to "main" in Git 3.0. To configure the initial branch name
deploy	Checkout repo	2026-02-11T01:24:56.6185959Z hint: to use in all of your new repositories, which will suppress this warning,
deploy	Checkout repo	2026-02-11T01:24:56.6187481Z hint: call:
deploy	Checkout repo	2026-02-11T01:24:56.6188204Z hint:
deploy	Checkout repo	2026-02-11T01:24:56.6189105Z hint: 	git config --global init.defaultBranch <name>
deploy	Checkout repo	2026-02-11T01:24:56.6190220Z hint:
deploy	Checkout repo	2026-02-11T01:24:56.6191211Z hint: Names commonly chosen instead of 'master' are 'main', 'trunk' and
deploy	Checkout repo	2026-02-11T01:24:56.6192302Z hint: 'development'. The just-created branch can be renamed via this command:
deploy	Checkout repo	2026-02-11T01:24:56.6193132Z hint:
deploy	Checkout repo	2026-02-11T01:24:56.6193560Z hint: 	git branch -m <name>
deploy	Checkout repo	2026-02-11T01:24:56.6194079Z hint:
deploy	Checkout repo	2026-02-11T01:24:56.6194940Z hint: Disable this message with "git config set advice.defaultBranchName false"
deploy	Checkout repo	2026-02-11T01:24:56.6196575Z Initialized empty Git repository in /home/runner/work/chat-booking-admin/chat-booking-admin/.git/
deploy	Checkout repo	2026-02-11T01:24:56.6201424Z [command]/usr/bin/git remote add origin https://github.com/AIX-Clever/chat-booking-admin
deploy	Checkout repo	2026-02-11T01:24:56.6236257Z ##[endgroup]
deploy	Checkout repo	2026-02-11T01:24:56.6237512Z ##[group]Disabling automatic garbage collection
deploy	Checkout repo	2026-02-11T01:24:56.6239910Z [command]/usr/bin/git config --local gc.auto 0
deploy	Checkout repo	2026-02-11T01:24:56.6268296Z ##[endgroup]
deploy	Checkout repo	2026-02-11T01:24:56.6269470Z ##[group]Setting up auth
deploy	Checkout repo	2026-02-11T01:24:56.6275209Z [command]/usr/bin/git config --local --name-only --get-regexp core\.sshCommand
deploy	Checkout repo	2026-02-11T01:24:56.6304281Z [command]/usr/bin/git submodule foreach --recursive sh -c "git config --local --name-only --get-regexp 'core\.sshCommand' && git config --local --unset-all 'core.sshCommand' || :"
deploy	Checkout repo	2026-02-11T01:24:56.6625459Z [command]/usr/bin/git config --local --name-only --get-regexp http\.https\:\/\/github\.com\/\.extraheader
deploy	Checkout repo	2026-02-11T01:24:56.6659392Z [command]/usr/bin/git submodule foreach --recursive sh -c "git config --local --name-only --get-regexp 'http\.https\:\/\/github\.com\/\.extraheader' && git config --local --unset-all 'http.https://github.com/.extraheader' || :"
deploy	Checkout repo	2026-02-11T01:24:56.6884632Z [command]/usr/bin/git config --local --name-only --get-regexp ^includeIf\.gitdir:
deploy	Checkout repo	2026-02-11T01:24:56.6916228Z [command]/usr/bin/git submodule foreach --recursive git config --local --show-origin --name-only --get-regexp remote.origin.url
deploy	Checkout repo	2026-02-11T01:24:56.7142587Z [command]/usr/bin/git config --local http.https://github.com/.extraheader AUTHORIZATION: basic ***
deploy	Checkout repo	2026-02-11T01:24:56.7177205Z ##[endgroup]
deploy	Checkout repo	2026-02-11T01:24:56.7178090Z ##[group]Fetching the repository
deploy	Checkout repo	2026-02-11T01:24:56.7185836Z [command]/usr/bin/git -c protocol.version=2 fetch --no-tags --prune --no-recurse-submodules --depth=1 origin +fdd5bac840a06cf1346ebc372c485d9573c0041b:refs/remotes/origin/dev
deploy	Checkout repo	2026-02-11T01:24:57.1409401Z From https://github.com/AIX-Clever/chat-booking-admin
deploy	Checkout repo	2026-02-11T01:24:57.1411905Z  * [new ref]         fdd5bac840a06cf1346ebc372c485d9573c0041b -> origin/dev
deploy	Checkout repo	2026-02-11T01:24:57.1478236Z ##[endgroup]
deploy	Checkout repo	2026-02-11T01:24:57.1479764Z ##[group]Determining the checkout info
deploy	Checkout repo	2026-02-11T01:24:57.1481495Z ##[endgroup]
deploy	Checkout repo	2026-02-11T01:24:57.1485313Z [command]/usr/bin/git sparse-checkout disable
deploy	Checkout repo	2026-02-11T01:24:57.1587899Z [command]/usr/bin/git config --local --unset-all extensions.worktreeConfig
deploy	Checkout repo	2026-02-11T01:24:57.1613362Z ##[group]Checking out the ref
deploy	Checkout repo	2026-02-11T01:24:57.1616760Z [command]/usr/bin/git checkout --progress --force -B dev refs/remotes/origin/dev
deploy	Checkout repo	2026-02-11T01:24:57.1824178Z Switched to a new branch 'dev'
deploy	Checkout repo	2026-02-11T01:24:57.1825873Z branch 'dev' set up to track 'origin/dev'.
deploy	Checkout repo	2026-02-11T01:24:57.1835137Z ##[endgroup]
deploy	Checkout repo	2026-02-11T01:24:57.1872261Z [command]/usr/bin/git log -1 --format=%H
deploy	Checkout repo	2026-02-11T01:24:57.1895780Z fdd5bac840a06cf1346ebc372c485d9573c0041b
deploy	Setup Node.js	Ôªø2026-02-11T01:24:57.2217136Z ##[group]Run actions/setup-node@v4
deploy	Setup Node.js	2026-02-11T01:24:57.2218300Z with:
deploy	Setup Node.js	2026-02-11T01:24:57.2219085Z   node-version: 20
deploy	Setup Node.js	2026-02-11T01:24:57.2219952Z   always-auth: false
deploy	Setup Node.js	2026-02-11T01:24:57.2221020Z   check-latest: false
deploy	Setup Node.js	2026-02-11T01:24:57.2222197Z   token: ***
deploy	Setup Node.js	2026-02-11T01:24:57.2222990Z ##[endgroup]
deploy	Setup Node.js	2026-02-11T01:24:57.4201784Z Found in cache @ /opt/hostedtoolcache/node/20.20.0/x64
deploy	Setup Node.js	2026-02-11T01:24:57.4208281Z ##[group]Environment details
deploy	Setup Node.js	2026-02-11T01:24:59.5471660Z node: v20.20.0
deploy	Setup Node.js	2026-02-11T01:24:59.5472274Z npm: 10.8.2
deploy	Setup Node.js	2026-02-11T01:24:59.5472652Z yarn: 1.22.22
deploy	Setup Node.js	2026-02-11T01:24:59.5476018Z ##[endgroup]
deploy	Install and Build App	Ôªø2026-02-11T01:24:59.5593170Z ##[group]Run npm ci
deploy	Install and Build App	2026-02-11T01:24:59.5593675Z [36;1mnpm ci[0m
deploy	Install and Build App	2026-02-11T01:24:59.5594227Z [36;1m# Run lint check (if it fails, deployment stops)[0m
deploy	Install and Build App	2026-02-11T01:24:59.5594951Z [36;1mnpm run lint || echo "Lint failed but proceeding for now (Soft Gate)"[0m
deploy	Install and Build App	2026-02-11T01:24:59.5595421Z [36;1mnpm run build[0m
deploy	Install and Build App	2026-02-11T01:24:59.5677427Z shell: /usr/bin/bash -e {0}
deploy	Install and Build App	2026-02-11T01:24:59.5677756Z env:
deploy	Install and Build App	2026-02-11T01:24:59.5678023Z   NEXT_PUBLIC_USER_POOL_ID: us-east-1_dG9vi0gz5
deploy	Install and Build App	2026-02-11T01:24:59.5678436Z   NEXT_PUBLIC_USER_POOL_CLIENT_ID: 7fst837q5gptanpev9fur88va6
deploy	Install and Build App	2026-02-11T01:24:59.5679113Z   NEXT_PUBLIC_GRAPHQL_ENDPOINT: https://gn6cbrywdnecbgdg6mg4lhi6xm.appsync-api.us-east-1.amazonaws.com/graphql
deploy	Install and Build App	2026-02-11T01:24:59.5679760Z   NEXT_PUBLIC_AWS_REGION: us-east-1
deploy	Install and Build App	2026-02-11T01:24:59.5680476Z   NEXT_PUBLIC_RECAPTCHA_SITE_KEY: ***
deploy	Install and Build App	2026-02-11T01:24:59.5681115Z ##[endgroup]
deploy	Install and Build App	2026-02-11T01:25:03.5097628Z npm warn deprecated whatwg-encoding@3.1.1: Use @exodus/bytes instead for a more spec-conformant and faster implementation
deploy	Install and Build App	2026-02-11T01:25:04.0413168Z npm warn deprecated rimraf@3.0.2: Rimraf versions prior to v4 are no longer supported
deploy	Install and Build App	2026-02-11T01:25:04.8785000Z npm warn deprecated inflight@1.0.6: This module is not supported, and leaks memory. Do not use it. Check out lru-cache if you want a good and tested way to coalesce async requests by a key value, which is much more comprehensive and powerful.
deploy	Install and Build App	2026-02-11T01:25:07.2096864Z npm warn deprecated @humanwhocodes/object-schema@2.0.3: Use @eslint/object-schema instead
deploy	Install and Build App	2026-02-11T01:25:07.2660105Z npm warn deprecated @humanwhocodes/config-array@0.13.0: Use @eslint/config-array instead
deploy	Install and Build App	2026-02-11T01:25:08.0853576Z npm warn deprecated glob@7.2.3: Glob versions prior to v9 are no longer supported
deploy	Install and Build App	2026-02-11T01:25:08.1894353Z npm warn deprecated glob@7.2.3: Glob versions prior to v9 are no longer supported
deploy	Install and Build App	2026-02-11T01:25:12.3814677Z npm warn deprecated eslint@8.57.1: This version is no longer supported. Please see https://eslint.org/version-support for other options.
deploy	Install and Build App	2026-02-11T01:25:14.3627345Z npm warn deprecated @mui/base@5.0.0-dev.20240529-082515-213b5e33ab: This package has been replaced by @base-ui-components/react
deploy	Install and Build App	2026-02-11T01:25:49.6811649Z 
deploy	Install and Build App	2026-02-11T01:25:49.6812442Z added 1012 packages, and audited 1013 packages in 50s
deploy	Install and Build App	2026-02-11T01:25:49.6812923Z 
deploy	Install and Build App	2026-02-11T01:25:49.6813274Z 196 packages are looking for funding
deploy	Install and Build App	2026-02-11T01:25:49.6813791Z   run `npm fund` for details
deploy	Install and Build App	2026-02-11T01:25:50.0479852Z 
deploy	Install and Build App	2026-02-11T01:25:50.0481065Z 24 vulnerabilities (6 low, 4 moderate, 14 high)
deploy	Install and Build App	2026-02-11T01:25:50.0481709Z 
deploy	Install and Build App	2026-02-11T01:25:50.0481959Z To address all issues, run:
deploy	Install and Build App	2026-02-11T01:25:50.0482354Z   npm audit fix
deploy	Install and Build App	2026-02-11T01:25:50.0482568Z 
deploy	Install and Build App	2026-02-11T01:25:50.0482749Z Run `npm audit` for details.
deploy	Install and Build App	2026-02-11T01:25:50.2379396Z 
deploy	Install and Build App	2026-02-11T01:25:50.2380254Z > chat-booking-admin-panel@1.0.0 lint
deploy	Install and Build App	2026-02-11T01:25:50.2381043Z > next lint
deploy	Install and Build App	2026-02-11T01:25:50.2381185Z 
deploy	Install and Build App	2026-02-11T01:25:53.6258298Z Attention: Next.js now collects completely anonymous telemetry regarding usage.
deploy	Install and Build App	2026-02-11T01:25:53.6264624Z This information is used to shape Next.js' roadmap and prioritize features.
deploy	Install and Build App	2026-02-11T01:25:53.6266292Z You can learn more, including how to opt-out if you'd not like to participate in this anonymous program, by visiting the following URL:
deploy	Install and Build App	2026-02-11T01:25:53.6267971Z https://nextjs.org/telemetry
deploy	Install and Build App	2026-02-11T01:25:53.6268310Z 
deploy	Install and Build App	2026-02-11T01:25:53.8571142Z 
deploy	Install and Build App	2026-02-11T01:25:53.8571892Z ./src/app/bookings/page.tsx
deploy	Install and Build App	2026-02-11T01:25:53.8573945Z 420:8  Warning: React Hook React.useEffect has a missing dependency: 'fetchProviderSchedule'. Either include it or remove the dependency array.  react-hooks/exhaustive-deps
deploy	Install and Build App	2026-02-11T01:25:53.8575861Z 
deploy	Install and Build App	2026-02-11T01:25:53.8576152Z ./src/app/services/page.tsx
deploy	Install and Build App	2026-02-11T01:25:53.8577798Z 170:8  Warning: React Hook React.useEffect has a missing dependency: 'formData.requiredRoomIds'. Either include it or remove the dependency array.  react-hooks/exhaustive-deps
deploy	Install and Build App	2026-02-11T01:25:53.8578918Z 
deploy	Install and Build App	2026-02-11T01:25:53.8579154Z ./src/app/settings/billing/page.tsx
deploy	Install and Build App	2026-02-11T01:25:53.8580436Z 47:8  Warning: React Hook useEffect has a missing dependency: 'fetchData'. Either include it or remove the dependency array.  react-hooks/exhaustive-deps
deploy	Install and Build App	2026-02-11T01:25:53.8581414Z 
deploy	Install and Build App	2026-02-11T01:25:53.8581674Z ./src/app/settings/tabs/__tests__/IdentityTab.test.tsx
deploy	Install and Build App	2026-02-11T01:25:53.8583573Z 15:37  Warning: Using `<img>` could result in slower LCP and higher bandwidth. Consider using `<Image />` from `next/image` to automatically optimize images. This may incur additional usage or cost from your provider. See: https://nextjs.org/docs/messages/no-img-element  @next/next/no-img-element
deploy	Install and Build App	2026-02-11T01:25:53.8584985Z 
deploy	Install and Build App	2026-02-11T01:25:53.8585195Z ./src/app/users/page.tsx
deploy	Install and Build App	2026-02-11T01:25:53.8586144Z 103:8  Warning: React Hook React.useCallback has a missing dependency: 't'. Either include it or remove the dependency array.  react-hooks/exhaustive-deps
deploy	Install and Build App	2026-02-11T01:25:53.8586747Z 
deploy	Install and Build App	2026-02-11T01:25:53.8587244Z info  - Need to disable some ESLint rules? Learn more here: https://nextjs.org/docs/basic-features/eslint#disabling-rules
deploy	Install and Build App	2026-02-11T01:25:54.0701443Z 
deploy	Install and Build App	2026-02-11T01:25:54.0702114Z > chat-booking-admin-panel@1.0.0 build
deploy	Install and Build App	2026-02-11T01:25:54.0702455Z > next build
deploy	Install and Build App	2026-02-11T01:25:54.0702583Z 
deploy	Install and Build App	2026-02-11T01:25:54.6247936Z   ‚ñ≤ Next.js 14.2.33
deploy	Install and Build App	2026-02-11T01:25:54.6255350Z 
deploy	Install and Build App	2026-02-11T01:25:54.6801910Z    Creating an optimized production build ...
deploy	Install and Build App	2026-02-11T01:26:33.8271015Z  ‚úì Compiled successfully
deploy	Install and Build App	2026-02-11T01:26:33.8290897Z    Linting and checking validity of types ...
deploy	Install and Build App	2026-02-11T01:26:35.6414621Z 
deploy	Install and Build App	2026-02-11T01:26:35.6416573Z ./src/app/bookings/page.tsx
deploy	Install and Build App	2026-02-11T01:26:35.6418570Z 420:8  Warning: React Hook React.useEffect has a missing dependency: 'fetchProviderSchedule'. Either include it or remove the dependency array.  react-hooks/exhaustive-deps
deploy	Install and Build App	2026-02-11T01:26:35.6421577Z 
deploy	Install and Build App	2026-02-11T01:26:35.6422996Z ./src/app/services/page.tsx
deploy	Install and Build App	2026-02-11T01:26:35.6439853Z 170:8  Warning: React Hook React.useEffect has a missing dependency: 'formData.requiredRoomIds'. Either include it or remove the dependency array.  react-hooks/exhaustive-deps
deploy	Install and Build App	2026-02-11T01:26:35.6442349Z 
deploy	Install and Build App	2026-02-11T01:26:35.6442639Z ./src/app/settings/billing/page.tsx
deploy	Install and Build App	2026-02-11T01:26:35.6444138Z 47:8  Warning: React Hook useEffect has a missing dependency: 'fetchData'. Either include it or remove the dependency array.  react-hooks/exhaustive-deps
deploy	Install and Build App	2026-02-11T01:26:35.6445152Z 
deploy	Install and Build App	2026-02-11T01:26:35.6445540Z ./src/app/settings/tabs/__tests__/IdentityTab.test.tsx
deploy	Install and Build App	2026-02-11T01:26:35.6448320Z 15:37  Warning: Using `<img>` could result in slower LCP and higher bandwidth. Consider using `<Image />` from `next/image` to automatically optimize images. This may incur additional usage or cost from your provider. See: https://nextjs.org/docs/messages/no-img-element  @next/next/no-img-element
deploy	Install and Build App	2026-02-11T01:26:35.6450315Z 
deploy	Install and Build App	2026-02-11T01:26:35.6450767Z ./src/app/users/page.tsx
deploy	Install and Build App	2026-02-11T01:26:35.6452231Z 103:8  Warning: React Hook React.useCallback has a missing dependency: 't'. Either include it or remove the dependency array.  react-hooks/exhaustive-deps
deploy	Install and Build App	2026-02-11T01:26:35.6453323Z 
deploy	Install and Build App	2026-02-11T01:26:35.6454254Z info  - Need to disable some ESLint rules? Learn more here: https://nextjs.org/docs/basic-features/eslint#disabling-rules
deploy	Install and Build App	2026-02-11T01:26:43.9647615Z    Collecting page data ...
deploy	Install and Build App	2026-02-11T01:26:46.7545114Z    Generating static pages (0/24) ...
deploy	Install and Build App	2026-02-11T01:26:46.9863182Z Amplify has not been configured. Please call Amplify.configure() before using this service.
deploy	Install and Build App	2026-02-11T01:26:46.9882130Z Amplify has not been configured. Please call Amplify.configure() before using this service.
deploy	Install and Build App	2026-02-11T01:26:47.1929187Z    Generating static pages (6/24) 
deploy	Install and Build App	2026-02-11T01:26:47.3255823Z    Generating static pages (12/24) 
deploy	Install and Build App	2026-02-11T01:26:47.4622404Z    Generating static pages (18/24) 
deploy	Install and Build App	2026-02-11T01:26:47.6539719Z  ‚úì Generating static pages (24/24)
deploy	Install and Build App	2026-02-11T01:26:47.9174932Z    Finalizing page optimization ...
deploy	Install and Build App	2026-02-11T01:26:47.9175523Z    Collecting build traces ...
deploy	Install and Build App	2026-02-11T01:26:52.4940235Z 
deploy	Install and Build App	2026-02-11T01:26:52.4973961Z Route (app)                              Size     First Load JS
deploy	Install and Build App	2026-02-11T01:26:52.4975116Z ‚îå ‚óã /                                    2.25 kB         113 kB
deploy	Install and Build App	2026-02-11T01:26:52.4976184Z ‚îú ‚óã /_not-found                          880 B          88.7 kB
deploy	Install and Build App	2026-02-11T01:26:52.4977144Z ‚îú ‚óã /availability                        10.8 kB         325 kB
deploy	Install and Build App	2026-02-11T01:26:52.4977963Z ‚îú ‚óã /bookings                            19.8 kB         331 kB
deploy	Install and Build App	2026-02-11T01:26:52.4978789Z ‚îú ‚óã /dashboard                           102 kB          349 kB
deploy	Install and Build App	2026-02-11T01:26:52.4979668Z ‚îú ‚óã /faqs                                7.04 kB         247 kB
deploy	Install and Build App	2026-02-11T01:26:52.4980794Z ‚îú ‚óã /knowledge                           8.11 kB         214 kB
deploy	Install and Build App	2026-02-11T01:26:52.4981773Z ‚îú ‚óã /login                               9 kB            221 kB
deploy	Install and Build App	2026-02-11T01:26:52.4982686Z ‚îú ‚óã /my-page                             6.21 kB         240 kB
deploy	Install and Build App	2026-02-11T01:26:52.4983607Z ‚îú ‚óã /onboarding                          9.17 kB         220 kB
deploy	Install and Build App	2026-02-11T01:26:52.4984610Z ‚îú ‚óã /providers                           16.8 kB         280 kB
deploy	Install and Build App	2026-02-11T01:26:52.4985451Z ‚îú ‚óã /register                            5.04 kB         251 kB
deploy	Install and Build App	2026-02-11T01:26:52.4986217Z ‚îú ‚óã /rooms                               5.97 kB         308 kB
deploy	Install and Build App	2026-02-11T01:26:52.4986984Z ‚îú ‚óã /services                            8.37 kB         246 kB
deploy	Install and Build App	2026-02-11T01:26:52.4987776Z ‚îú ‚óã /settings                            17.8 kB         287 kB
deploy	Install and Build App	2026-02-11T01:26:52.4988566Z ‚îú ‚óã /settings/billing                    5.67 kB         201 kB
deploy	Install and Build App	2026-02-11T01:26:52.4989322Z ‚îú ‚óã /users                               6.53 kB         254 kB
deploy	Install and Build App	2026-02-11T01:26:52.4990142Z ‚îú ‚óã /widgets/booking                     5.11 kB         226 kB
deploy	Install and Build App	2026-02-11T01:26:52.4991139Z ‚îú ‚óã /widgets/chat                        5.12 kB         217 kB
deploy	Install and Build App	2026-02-11T01:26:52.4991892Z ‚îú ‚óã /workflows                           4.62 kB         207 kB
deploy	Install and Build App	2026-02-11T01:26:52.4992674Z ‚îú ‚óã /workflows/detail                    61.7 kB         313 kB
deploy	Install and Build App	2026-02-11T01:26:52.4993467Z ‚îî ‚óã /workflows/new                       3.87 kB         237 kB
deploy	Install and Build App	2026-02-11T01:26:52.4994087Z + First Load JS shared by all            87.9 kB
deploy	Install and Build App	2026-02-11T01:26:52.4994697Z   ‚îú chunks/2117-cfbc72d1cbc923b0.js      32 kB
deploy	Install and Build App	2026-02-11T01:26:52.4995288Z   ‚îú chunks/fd9d1056-7939e9ddc510e184.js  53.6 kB
deploy	Install and Build App	2026-02-11T01:26:52.4995865Z   ‚îî other shared chunks (total)          2.25 kB
deploy	Install and Build App	2026-02-11T01:26:52.4996160Z 
deploy	Install and Build App	2026-02-11T01:26:52.4996171Z 
deploy	Install and Build App	2026-02-11T01:26:52.4996473Z ‚óã  (Static)  prerendered as static content
deploy	Install and Build App	2026-02-11T01:26:52.4996775Z 
deploy	Configure AWS credentials	Ôªø2026-02-11T01:26:52.6033811Z ##[group]Run aws-actions/configure-aws-credentials@v4
deploy	Configure AWS credentials	2026-02-11T01:26:52.6034148Z with:
deploy	Configure AWS credentials	2026-02-11T01:26:52.6034463Z   role-to-assume: arn:aws:iam::607250385528:role/OICD_GITHUB_ACTION_DEPLOY
deploy	Configure AWS credentials	2026-02-11T01:26:52.6034821Z   aws-region: us-east-1
deploy	Configure AWS credentials	2026-02-11T01:26:52.6035032Z   audience: sts.amazonaws.com
deploy	Configure AWS credentials	2026-02-11T01:26:52.6035268Z   output-env-credentials: true
deploy	Configure AWS credentials	2026-02-11T01:26:52.6035486Z ##[endgroup]
deploy	Configure AWS credentials	2026-02-11T01:26:52.9271104Z Assuming role with OIDC
deploy	Configure AWS credentials	2026-02-11T01:26:53.1500105Z Authenticated as assumedRoleId AROAY2YXRRJ4FJCZEMYSV:GitHubActions
deploy	Install CDK dependencies	Ôªø2026-02-11T01:26:53.2229669Z ##[group]Run npm ci
deploy	Install CDK dependencies	2026-02-11T01:26:53.2229932Z [36;1mnpm ci[0m
deploy	Install CDK dependencies	2026-02-11T01:26:53.2261907Z shell: /usr/bin/bash -e {0}
deploy	Install CDK dependencies	2026-02-11T01:26:53.2262170Z env:
deploy	Install CDK dependencies	2026-02-11T01:26:53.2262369Z   AWS_DEFAULT_REGION: us-east-1
deploy	Install CDK dependencies	2026-02-11T01:26:53.2262625Z   AWS_REGION: us-east-1
deploy	Install CDK dependencies	2026-02-11T01:26:53.2263215Z   AWS_ACCESS_KEY_ID: ***
deploy	Install CDK dependencies	2026-02-11T01:26:53.2263565Z   AWS_SECRET_ACCESS_KEY: ***
deploy	Install CDK dependencies	2026-02-11T01:26:53.2268355Z   AWS_SESSION_TOKEN: ***
deploy	Install CDK dependencies	2026-02-11T01:26:53.2268586Z ##[endgroup]
deploy	Install CDK dependencies	2026-02-11T01:26:57.4804417Z npm warn deprecated inflight@1.0.6: This module is not supported, and leaks memory. Do not use it. Check out lru-cache if you want a good and tested way to coalesce async requests by a key value, which is much more comprehensive and powerful.
deploy	Install CDK dependencies	2026-02-11T01:26:57.5968272Z npm warn deprecated glob@7.2.3: Glob versions prior to v9 are no longer supported
deploy	Install CDK dependencies	2026-02-11T01:26:58.9632402Z 
deploy	Install CDK dependencies	2026-02-11T01:26:58.9634777Z added 299 packages, and audited 336 packages in 6s
deploy	Install CDK dependencies	2026-02-11T01:26:58.9635262Z 
deploy	Install CDK dependencies	2026-02-11T01:26:58.9635625Z 37 packages are looking for funding
deploy	Install CDK dependencies	2026-02-11T01:26:58.9636162Z   run `npm fund` for details
deploy	Install CDK dependencies	2026-02-11T01:26:58.9657918Z 
deploy	Install CDK dependencies	2026-02-11T01:26:58.9658318Z 1 low severity vulnerability
deploy	Install CDK dependencies	2026-02-11T01:26:58.9658639Z 
deploy	Install CDK dependencies	2026-02-11T01:26:58.9658848Z To address all issues, run:
deploy	Install CDK dependencies	2026-02-11T01:26:58.9659274Z   npm audit fix
deploy	Install CDK dependencies	2026-02-11T01:26:58.9659496Z 
deploy	Install CDK dependencies	2026-02-11T01:26:58.9659692Z Run `npm audit` for details.
deploy	Deploy with CDK	Ôªø2026-02-11T01:26:58.9886855Z ##[group]Run npx cdk deploy --all --require-approval never
deploy	Deploy with CDK	2026-02-11T01:26:58.9887312Z [36;1mnpx cdk deploy --all --require-approval never[0m
deploy	Deploy with CDK	2026-02-11T01:26:58.9918395Z shell: /usr/bin/bash -e {0}
deploy	Deploy with CDK	2026-02-11T01:26:58.9918646Z env:
deploy	Deploy with CDK	2026-02-11T01:26:58.9918839Z   AWS_DEFAULT_REGION: us-east-1
deploy	Deploy with CDK	2026-02-11T01:26:58.9919082Z   AWS_REGION: us-east-1
deploy	Deploy with CDK	2026-02-11T01:26:58.9919445Z   AWS_ACCESS_KEY_ID: ***
deploy	Deploy with CDK	2026-02-11T01:26:58.9919787Z   AWS_SECRET_ACCESS_KEY: ***
deploy	Deploy with CDK	2026-02-11T01:26:58.9924673Z   AWS_SESSION_TOKEN: ***
deploy	Deploy with CDK	2026-02-11T01:26:58.9924913Z   ENV: dev
deploy	Deploy with CDK	2026-02-11T01:26:58.9925096Z ##[endgroup]
deploy	Deploy with CDK	2026-02-11T01:27:05.4028230Z 
deploy	Deploy with CDK	2026-02-11T01:27:05.4029158Z ‚ú®  Synthesis time: 5.35s
deploy	Deploy with CDK	2026-02-11T01:27:05.4029589Z 
deploy	Deploy with CDK	2026-02-11T01:27:05.9345303Z current credentials could not be used to assume 'arn:aws:iam::607250385528:role/cdk-hnb659fds-deploy-role-607250385528-us-east-1', but are for the right account. Proceeding anyway.
deploy	Deploy with CDK	2026-02-11T01:27:06.1921449Z ChatBooking-Admin: start: Building DeployAdminPanel/Asset1
deploy	Deploy with CDK	2026-02-11T01:27:06.1922876Z ChatBooking-Admin: success: Built DeployAdminPanel/Asset1
deploy	Deploy with CDK	2026-02-11T01:27:06.1935908Z ChatBooking-Admin: start: Building ChatBooking-Admin Template
deploy	Deploy with CDK	2026-02-11T01:27:06.1937255Z ChatBooking-Admin: success: Built ChatBooking-Admin Template
deploy	Deploy with CDK	2026-02-11T01:27:06.4535808Z ChatBooking-Admin: start: Publishing ChatBooking-Admin Template (607250385528-us-east-1-3932c8ad)
deploy	Deploy with CDK	2026-02-11T01:27:06.4596207Z ChatBooking-Admin: start: Publishing DeployAdminPanel/Asset1 (607250385528-us-east-1-1b3d25f5)
deploy	Deploy with CDK	2026-02-11T01:27:06.5944870Z current credentials could not be used to assume 'arn:aws:iam::607250385528:role/cdk-hnb659fds-file-publishing-role-607250385528-us-east-1', but are for the right account. Proceeding anyway.
deploy	Deploy with CDK	2026-02-11T01:27:06.6726011Z current credentials could not be used to assume 'arn:aws:iam::607250385528:role/cdk-hnb659fds-file-publishing-role-607250385528-us-east-1', but are for the right account. Proceeding anyway.
deploy	Deploy with CDK	2026-02-11T01:27:07.3401240Z ChatBooking-Admin: success: Published ChatBooking-Admin Template (607250385528-us-east-1-3932c8ad)
deploy	Deploy with CDK	2026-02-11T01:27:07.6957938Z ChatBooking-Admin: success: Published DeployAdminPanel/Asset1 (607250385528-us-east-1-1b3d25f5)
deploy	Deploy with CDK	2026-02-11T01:27:07.6968936Z ChatBooking-Admin: deploying... [1/1]
deploy	Deploy with CDK	2026-02-11T01:27:07.8454390Z current credentials could not be used to assume 'arn:aws:iam::607250385528:role/cdk-hnb659fds-deploy-role-607250385528-us-east-1', but are for the right account. Proceeding anyway.
deploy	Deploy with CDK	2026-02-11T01:27:08.9221710Z ChatBooking-Admin: creating CloudFormation changeset...
deploy	Deploy with CDK	2026-02-11T01:27:09.1598028Z 
deploy	Deploy with CDK	2026-02-11T01:27:09.1599014Z NOTICES         (What's this? https://github.com/aws/aws-cdk/wiki/CLI-Notices)
deploy	Deploy with CDK	2026-02-11T01:27:09.1599714Z 
deploy	Deploy with CDK	2026-02-11T01:27:09.1602584Z 34892	CDK CLI will collect telemetry data on command usage starting at version 2.1100.0 (unless opted out)
deploy	Deploy with CDK	2026-02-11T01:27:09.1603462Z 
deploy	Deploy with CDK	2026-02-11T01:27:09.1603908Z 	Overview: We do not collect customer content and we anonymize the
deploy	Deploy with CDK	2026-02-11T01:27:09.1604808Z 	          telemetry we do collect. See the attached issue for more
deploy	Deploy with CDK	2026-02-11T01:27:09.1605688Z 	          information on what data is collected, why, and how to
deploy	Deploy with CDK	2026-02-11T01:27:09.1606916Z 	          opt-out. Telemetry will NOT be collected for any CDK CLI
deploy	Deploy with CDK	2026-02-11T01:27:09.1607734Z 	          version prior to version 2.1100.0 - regardless of
deploy	Deploy with CDK	2026-02-11T01:27:09.1608545Z 	          opt-in/out. You can also preview the telemetry we will start
deploy	Deploy with CDK	2026-02-11T01:27:09.1609402Z 	          collecting by logging it to a local file, by adding
deploy	Deploy with CDK	2026-02-11T01:27:09.1610196Z 	          `--unstable=telemetry --telemetry-file=my/local/file` to any
deploy	Deploy with CDK	2026-02-11T01:27:09.1611174Z 	          `cdk` command.
deploy	Deploy with CDK	2026-02-11T01:27:09.1611455Z 
deploy	Deploy with CDK	2026-02-11T01:27:09.1611712Z 	Affected versions: cli: >=2.0.0 <2.1100.0
deploy	Deploy with CDK	2026-02-11T01:27:09.1612074Z 
deploy	Deploy with CDK	2026-02-11T01:27:09.1612491Z 	More information at: https://github.com/aws/aws-cdk/issues/34892
deploy	Deploy with CDK	2026-02-11T01:27:09.1612952Z 
deploy	Deploy with CDK	2026-02-11T01:27:09.1612969Z 
deploy	Deploy with CDK	2026-02-11T01:27:09.1614399Z If you don‚Äôt want to see a notice anymore, use "cdk acknowledge <id>". For example, "cdk acknowledge 34892".
deploy	Deploy with CDK	2026-02-11T01:27:09.1617369Z ‚ùå  ChatBooking-Admin failed: ValidationError: Stack:arn:aws:cloudformation:us-east-1:607250385528:stack/ChatBooking-Admin/f72f5fb0-d5fb-11f0-8809-0ebec566510b is in UPDATE_ROLLBACK_IN_PROGRESS state and can not be updated.
deploy	Deploy with CDK	2026-02-11T01:27:09.1895450Z ##[error]Process completed with exit code 1.
deploy	Post Configure AWS credentials	Ôªø2026-02-11T01:27:09.1973404Z Post job cleanup.
deploy	Post Checkout repo	Ôªø2026-02-11T01:27:09.3291495Z Post job cleanup.
deploy	Post Checkout repo	2026-02-11T01:27:09.4234027Z [command]/usr/bin/git version
deploy	Post Checkout repo	2026-02-11T01:27:09.4269978Z git version 2.52.0
deploy	Post Checkout repo	2026-02-11T01:27:09.4314946Z Temporarily overriding HOME='/home/runner/work/_temp/b0bab430-3f25-439f-a640-9a343fdc0ba4' before making global git config changes
deploy	Post Checkout repo	2026-02-11T01:27:09.4316542Z Adding repository directory to the temporary git global config as a safe directory
deploy	Post Checkout repo	2026-02-11T01:27:09.4321878Z [command]/usr/bin/git config --global --add safe.directory /home/runner/work/chat-booking-admin/chat-booking-admin
deploy	Post Checkout repo	2026-02-11T01:27:09.4360983Z [command]/usr/bin/git config --local --name-only --get-regexp core\.sshCommand
deploy	Post Checkout repo	2026-02-11T01:27:09.4394493Z [command]/usr/bin/git submodule foreach --recursive sh -c "git config --local --name-only --get-regexp 'core\.sshCommand' && git config --local --unset-all 'core.sshCommand' || :"
deploy	Post Checkout repo	2026-02-11T01:27:09.4621844Z [command]/usr/bin/git config --local --name-only --get-regexp http\.https\:\/\/github\.com\/\.extraheader
deploy	Post Checkout repo	2026-02-11T01:27:09.4643480Z http.https://github.com/.extraheader
deploy	Post Checkout repo	2026-02-11T01:27:09.4655785Z [command]/usr/bin/git config --local --unset-all http.https://github.com/.extraheader
deploy	Post Checkout repo	2026-02-11T01:27:09.4686230Z [command]/usr/bin/git submodule foreach --recursive sh -c "git config --local --name-only --get-regexp 'http\.https\:\/\/github\.com\/\.extraheader' && git config --local --unset-all 'http.https://github.com/.extraheader' || :"
deploy	Post Checkout repo	2026-02-11T01:27:09.4908844Z [command]/usr/bin/git config --local --name-only --get-regexp ^includeIf\.gitdir:
deploy	Post Checkout repo	2026-02-11T01:27:09.4939599Z [command]/usr/bin/git submodule foreach --recursive git config --local --show-origin --name-only --get-regexp remote.origin.url
deploy	Complete job	Ôªø2026-02-11T01:27:09.5272211Z Cleaning up orphan processes
