deploy	UNKNOWN STEP	Ôªø2026-02-10T21:28:52.2197984Z Current runner version: '2.331.0'
deploy	UNKNOWN STEP	2026-02-10T21:28:52.2229762Z ##[group]Runner Image Provisioner
deploy	UNKNOWN STEP	2026-02-10T21:28:52.2231751Z Hosted Compute Agent
deploy	UNKNOWN STEP	2026-02-10T21:28:52.2232629Z Version: 20260123.484
deploy	UNKNOWN STEP	2026-02-10T21:28:52.2233628Z Commit: 6bd6555ca37d84114959e1c76d2c01448ff61c5d
deploy	UNKNOWN STEP	2026-02-10T21:28:52.2234685Z Build Date: 2026-01-23T19:41:17Z
deploy	UNKNOWN STEP	2026-02-10T21:28:52.2235738Z Worker ID: {de1313a9-9b69-40eb-b98b-0dd0d7d14bc6}
deploy	UNKNOWN STEP	2026-02-10T21:28:52.2236946Z Azure Region: eastus2
deploy	UNKNOWN STEP	2026-02-10T21:28:52.2237752Z ##[endgroup]
deploy	UNKNOWN STEP	2026-02-10T21:28:52.2239979Z ##[group]Operating System
deploy	UNKNOWN STEP	2026-02-10T21:28:52.2240953Z Ubuntu
deploy	UNKNOWN STEP	2026-02-10T21:28:52.2241880Z 24.04.3
deploy	UNKNOWN STEP	2026-02-10T21:28:52.2242633Z LTS
deploy	UNKNOWN STEP	2026-02-10T21:28:52.2243422Z ##[endgroup]
deploy	UNKNOWN STEP	2026-02-10T21:28:52.2244259Z ##[group]Runner Image
deploy	UNKNOWN STEP	2026-02-10T21:28:52.2245123Z Image: ubuntu-24.04
deploy	UNKNOWN STEP	2026-02-10T21:28:52.2245999Z Version: 20260201.15.1
deploy	UNKNOWN STEP	2026-02-10T21:28:52.2247919Z Included Software: https://github.com/actions/runner-images/blob/ubuntu24/20260201.15/images/ubuntu/Ubuntu2404-Readme.md
deploy	UNKNOWN STEP	2026-02-10T21:28:52.2250499Z Image Release: https://github.com/actions/runner-images/releases/tag/ubuntu24%2F20260201.15
deploy	UNKNOWN STEP	2026-02-10T21:28:52.2252209Z ##[endgroup]
deploy	UNKNOWN STEP	2026-02-10T21:28:52.2253858Z ##[group]GITHUB_TOKEN Permissions
deploy	UNKNOWN STEP	2026-02-10T21:28:52.2256617Z Contents: read
deploy	UNKNOWN STEP	2026-02-10T21:28:52.2257409Z Metadata: read
deploy	UNKNOWN STEP	2026-02-10T21:28:52.2258311Z ##[endgroup]
deploy	UNKNOWN STEP	2026-02-10T21:28:52.2261061Z Secret source: Actions
deploy	UNKNOWN STEP	2026-02-10T21:28:52.2262348Z Prepare workflow directory
deploy	UNKNOWN STEP	2026-02-10T21:28:52.2709788Z Prepare all required actions
deploy	UNKNOWN STEP	2026-02-10T21:28:52.2764751Z Getting action download info
deploy	UNKNOWN STEP	2026-02-10T21:28:52.6290404Z Download action repository 'actions/checkout@v4' (SHA:34e114876b0b11c390a56381ad16ebd13914f8d5)
deploy	UNKNOWN STEP	2026-02-10T21:28:52.7410170Z Download action repository 'actions/setup-node@v4' (SHA:49933ea5288caeca8642d1e84afbd3f7d6820020)
deploy	UNKNOWN STEP	2026-02-10T21:28:52.8280560Z Download action repository 'aws-actions/configure-aws-credentials@v4' (SHA:7474bc4690e29a8392af63c5b98e7449536d5c3a)
deploy	UNKNOWN STEP	2026-02-10T21:28:53.1692154Z Complete job name: deploy
deploy	UNKNOWN STEP	2026-02-10T21:28:53.2390243Z ##[group]Run actions/checkout@v4
deploy	UNKNOWN STEP	2026-02-10T21:28:53.2391110Z with:
deploy	UNKNOWN STEP	2026-02-10T21:28:53.2391766Z   repository: AIX-Clever/chat-booking-admin
deploy	UNKNOWN STEP	2026-02-10T21:28:53.2392518Z   token: ***
deploy	UNKNOWN STEP	2026-02-10T21:28:53.2392924Z   ssh-strict: true
deploy	UNKNOWN STEP	2026-02-10T21:28:53.2393330Z   ssh-user: git
deploy	UNKNOWN STEP	2026-02-10T21:28:53.2393748Z   persist-credentials: true
deploy	UNKNOWN STEP	2026-02-10T21:28:53.2394211Z   clean: true
deploy	UNKNOWN STEP	2026-02-10T21:28:53.2394627Z   sparse-checkout-cone-mode: true
deploy	UNKNOWN STEP	2026-02-10T21:28:53.2395132Z   fetch-depth: 1
deploy	UNKNOWN STEP	2026-02-10T21:28:53.2395544Z   fetch-tags: false
deploy	UNKNOWN STEP	2026-02-10T21:28:53.2395971Z   show-progress: true
deploy	UNKNOWN STEP	2026-02-10T21:28:53.2396405Z   lfs: false
deploy	UNKNOWN STEP	2026-02-10T21:28:53.2396790Z   submodules: false
deploy	UNKNOWN STEP	2026-02-10T21:28:53.2397227Z   set-safe-directory: true
deploy	UNKNOWN STEP	2026-02-10T21:28:53.2397942Z ##[endgroup]
deploy	UNKNOWN STEP	2026-02-10T21:28:53.3503054Z Syncing repository: AIX-Clever/chat-booking-admin
deploy	UNKNOWN STEP	2026-02-10T21:28:53.3506292Z ##[group]Getting Git version info
deploy	UNKNOWN STEP	2026-02-10T21:28:53.3507353Z Working directory is '/home/runner/work/chat-booking-admin/chat-booking-admin'
deploy	UNKNOWN STEP	2026-02-10T21:28:53.3508550Z [command]/usr/bin/git version
deploy	UNKNOWN STEP	2026-02-10T21:28:53.3557597Z git version 2.52.0
deploy	UNKNOWN STEP	2026-02-10T21:28:53.3584448Z ##[endgroup]
deploy	UNKNOWN STEP	2026-02-10T21:28:53.3599517Z Temporarily overriding HOME='/home/runner/work/_temp/a49db8ae-7ba7-48b7-b88c-11a01b67b68c' before making global git config changes
deploy	UNKNOWN STEP	2026-02-10T21:28:53.3602559Z Adding repository directory to the temporary git global config as a safe directory
deploy	UNKNOWN STEP	2026-02-10T21:28:53.3613130Z [command]/usr/bin/git config --global --add safe.directory /home/runner/work/chat-booking-admin/chat-booking-admin
deploy	UNKNOWN STEP	2026-02-10T21:28:53.3649485Z Deleting the contents of '/home/runner/work/chat-booking-admin/chat-booking-admin'
deploy	UNKNOWN STEP	2026-02-10T21:28:53.3652968Z ##[group]Initializing the repository
deploy	UNKNOWN STEP	2026-02-10T21:28:53.3658060Z [command]/usr/bin/git init /home/runner/work/chat-booking-admin/chat-booking-admin
deploy	UNKNOWN STEP	2026-02-10T21:28:53.3752304Z hint: Using 'master' as the name for the initial branch. This default branch name
deploy	UNKNOWN STEP	2026-02-10T21:28:53.3753627Z hint: will change to "main" in Git 3.0. To configure the initial branch name
deploy	UNKNOWN STEP	2026-02-10T21:28:53.3755561Z hint: to use in all of your new repositories, which will suppress this warning,
deploy	UNKNOWN STEP	2026-02-10T21:28:53.3756604Z hint: call:
deploy	UNKNOWN STEP	2026-02-10T21:28:53.3757376Z hint:
deploy	UNKNOWN STEP	2026-02-10T21:28:53.3758576Z hint: 	git config --global init.defaultBranch <name>
deploy	UNKNOWN STEP	2026-02-10T21:28:53.3759815Z hint:
deploy	UNKNOWN STEP	2026-02-10T21:28:53.3760956Z hint: Names commonly chosen instead of 'master' are 'main', 'trunk' and
deploy	UNKNOWN STEP	2026-02-10T21:28:53.3763075Z hint: 'development'. The just-created branch can be renamed via this command:
deploy	UNKNOWN STEP	2026-02-10T21:28:53.3764485Z hint:
deploy	UNKNOWN STEP	2026-02-10T21:28:53.3765208Z hint: 	git branch -m <name>
deploy	UNKNOWN STEP	2026-02-10T21:28:53.3766115Z hint:
deploy	UNKNOWN STEP	2026-02-10T21:28:53.3767360Z hint: Disable this message with "git config set advice.defaultBranchName false"
deploy	UNKNOWN STEP	2026-02-10T21:28:53.3769693Z Initialized empty Git repository in /home/runner/work/chat-booking-admin/chat-booking-admin/.git/
deploy	UNKNOWN STEP	2026-02-10T21:28:53.3773250Z [command]/usr/bin/git remote add origin https://github.com/AIX-Clever/chat-booking-admin
deploy	UNKNOWN STEP	2026-02-10T21:28:53.3803452Z ##[endgroup]
deploy	UNKNOWN STEP	2026-02-10T21:28:53.3804819Z ##[group]Disabling automatic garbage collection
deploy	UNKNOWN STEP	2026-02-10T21:28:53.3808231Z [command]/usr/bin/git config --local gc.auto 0
deploy	UNKNOWN STEP	2026-02-10T21:28:53.3836998Z ##[endgroup]
deploy	UNKNOWN STEP	2026-02-10T21:28:53.3838455Z ##[group]Setting up auth
deploy	UNKNOWN STEP	2026-02-10T21:28:53.3844789Z [command]/usr/bin/git config --local --name-only --get-regexp core\.sshCommand
deploy	UNKNOWN STEP	2026-02-10T21:28:53.3875682Z [command]/usr/bin/git submodule foreach --recursive sh -c "git config --local --name-only --get-regexp 'core\.sshCommand' && git config --local --unset-all 'core.sshCommand' || :"
deploy	UNKNOWN STEP	2026-02-10T21:28:53.4197418Z [command]/usr/bin/git config --local --name-only --get-regexp http\.https\:\/\/github\.com\/\.extraheader
deploy	UNKNOWN STEP	2026-02-10T21:28:53.4228140Z [command]/usr/bin/git submodule foreach --recursive sh -c "git config --local --name-only --get-regexp 'http\.https\:\/\/github\.com\/\.extraheader' && git config --local --unset-all 'http.https://github.com/.extraheader' || :"
deploy	UNKNOWN STEP	2026-02-10T21:28:53.4445659Z [command]/usr/bin/git config --local --name-only --get-regexp ^includeIf\.gitdir:
deploy	UNKNOWN STEP	2026-02-10T21:28:53.4484801Z [command]/usr/bin/git submodule foreach --recursive git config --local --show-origin --name-only --get-regexp remote.origin.url
deploy	UNKNOWN STEP	2026-02-10T21:28:53.4703411Z [command]/usr/bin/git config --local http.https://github.com/.extraheader AUTHORIZATION: basic ***
deploy	UNKNOWN STEP	2026-02-10T21:28:53.4736402Z ##[endgroup]
deploy	UNKNOWN STEP	2026-02-10T21:28:53.4737855Z ##[group]Fetching the repository
deploy	UNKNOWN STEP	2026-02-10T21:28:53.4746225Z [command]/usr/bin/git -c protocol.version=2 fetch --no-tags --prune --no-recurse-submodules --depth=1 origin +fdd5bac840a06cf1346ebc372c485d9573c0041b:refs/remotes/origin/dev
deploy	UNKNOWN STEP	2026-02-10T21:28:53.7382435Z From https://github.com/AIX-Clever/chat-booking-admin
deploy	UNKNOWN STEP	2026-02-10T21:28:53.7383964Z  * [new ref]         fdd5bac840a06cf1346ebc372c485d9573c0041b -> origin/dev
deploy	UNKNOWN STEP	2026-02-10T21:28:53.7414859Z ##[endgroup]
deploy	UNKNOWN STEP	2026-02-10T21:28:53.7415885Z ##[group]Determining the checkout info
deploy	UNKNOWN STEP	2026-02-10T21:28:53.7417273Z ##[endgroup]
deploy	UNKNOWN STEP	2026-02-10T21:28:53.7423687Z [command]/usr/bin/git sparse-checkout disable
deploy	UNKNOWN STEP	2026-02-10T21:28:53.7464234Z [command]/usr/bin/git config --local --unset-all extensions.worktreeConfig
deploy	UNKNOWN STEP	2026-02-10T21:28:53.7490846Z ##[group]Checking out the ref
deploy	UNKNOWN STEP	2026-02-10T21:28:53.7495370Z [command]/usr/bin/git checkout --progress --force -B dev refs/remotes/origin/dev
deploy	UNKNOWN STEP	2026-02-10T21:28:53.7700564Z Switched to a new branch 'dev'
deploy	UNKNOWN STEP	2026-02-10T21:28:53.7703168Z branch 'dev' set up to track 'origin/dev'.
deploy	UNKNOWN STEP	2026-02-10T21:28:53.7712309Z ##[endgroup]
deploy	UNKNOWN STEP	2026-02-10T21:28:53.7745073Z [command]/usr/bin/git log -1 --format=%H
deploy	UNKNOWN STEP	2026-02-10T21:28:53.7766449Z fdd5bac840a06cf1346ebc372c485d9573c0041b
deploy	UNKNOWN STEP	2026-02-10T21:28:53.8086308Z ##[group]Run actions/setup-node@v4
deploy	UNKNOWN STEP	2026-02-10T21:28:53.8087525Z with:
deploy	UNKNOWN STEP	2026-02-10T21:28:53.8088335Z   node-version: 20
deploy	UNKNOWN STEP	2026-02-10T21:28:53.8089233Z   always-auth: false
deploy	UNKNOWN STEP	2026-02-10T21:28:53.8090163Z   check-latest: false
deploy	UNKNOWN STEP	2026-02-10T21:28:53.8091568Z   token: ***
deploy	UNKNOWN STEP	2026-02-10T21:28:53.8092540Z ##[endgroup]
deploy	UNKNOWN STEP	2026-02-10T21:28:53.9838303Z Found in cache @ /opt/hostedtoolcache/node/20.20.0/x64
deploy	UNKNOWN STEP	2026-02-10T21:28:53.9843277Z ##[group]Environment details
deploy	UNKNOWN STEP	2026-02-10T21:28:56.1105088Z node: v20.20.0
deploy	UNKNOWN STEP	2026-02-10T21:28:56.1105643Z npm: 10.8.2
deploy	UNKNOWN STEP	2026-02-10T21:28:56.1105993Z yarn: 1.22.22
deploy	UNKNOWN STEP	2026-02-10T21:28:56.1109146Z ##[endgroup]
deploy	UNKNOWN STEP	2026-02-10T21:28:56.1223966Z ##[group]Run npm ci
deploy	UNKNOWN STEP	2026-02-10T21:28:56.1224282Z [36;1mnpm ci[0m
deploy	UNKNOWN STEP	2026-02-10T21:28:56.1224611Z [36;1m# Run lint check (if it fails, deployment stops)[0m
deploy	UNKNOWN STEP	2026-02-10T21:28:56.1225083Z [36;1mnpm run lint || echo "Lint failed but proceeding for now (Soft Gate)"[0m
deploy	UNKNOWN STEP	2026-02-10T21:28:56.1225497Z [36;1mnpm run build[0m
deploy	UNKNOWN STEP	2026-02-10T21:28:56.1297292Z shell: /usr/bin/bash -e {0}
deploy	UNKNOWN STEP	2026-02-10T21:28:56.1297594Z env:
deploy	UNKNOWN STEP	2026-02-10T21:28:56.1297854Z   NEXT_PUBLIC_USER_POOL_ID: us-east-1_dG9vi0gz5
deploy	UNKNOWN STEP	2026-02-10T21:28:56.1298255Z   NEXT_PUBLIC_USER_POOL_CLIENT_ID: 7fst837q5gptanpev9fur88va6
deploy	UNKNOWN STEP	2026-02-10T21:28:56.1298985Z   NEXT_PUBLIC_GRAPHQL_ENDPOINT: https://gn6cbrywdnecbgdg6mg4lhi6xm.appsync-api.us-east-1.amazonaws.com/graphql
deploy	UNKNOWN STEP	2026-02-10T21:28:56.1299605Z   NEXT_PUBLIC_AWS_REGION: us-east-1
deploy	UNKNOWN STEP	2026-02-10T21:28:56.1300210Z   NEXT_PUBLIC_RECAPTCHA_SITE_KEY: ***
deploy	UNKNOWN STEP	2026-02-10T21:28:56.1300503Z ##[endgroup]
deploy	UNKNOWN STEP	2026-02-10T21:28:59.7310356Z npm warn deprecated whatwg-encoding@3.1.1: Use @exodus/bytes instead for a more spec-conformant and faster implementation
deploy	UNKNOWN STEP	2026-02-10T21:29:00.2028428Z npm warn deprecated rimraf@3.0.2: Rimraf versions prior to v4 are no longer supported
deploy	UNKNOWN STEP	2026-02-10T21:29:00.9861887Z npm warn deprecated inflight@1.0.6: This module is not supported, and leaks memory. Do not use it. Check out lru-cache if you want a good and tested way to coalesce async requests by a key value, which is much more comprehensive and powerful.
deploy	UNKNOWN STEP	2026-02-10T21:29:03.2502959Z npm warn deprecated @humanwhocodes/config-array@0.13.0: Use @eslint/config-array instead
deploy	UNKNOWN STEP	2026-02-10T21:29:03.2705546Z npm warn deprecated @humanwhocodes/object-schema@2.0.3: Use @eslint/object-schema instead
deploy	UNKNOWN STEP	2026-02-10T21:29:04.1056548Z npm warn deprecated glob@7.2.3: Glob versions prior to v9 are no longer supported
deploy	UNKNOWN STEP	2026-02-10T21:29:04.1642006Z npm warn deprecated glob@7.2.3: Glob versions prior to v9 are no longer supported
deploy	UNKNOWN STEP	2026-02-10T21:29:07.5182310Z npm warn deprecated eslint@8.57.1: This version is no longer supported. Please see https://eslint.org/version-support for other options.
deploy	UNKNOWN STEP	2026-02-10T21:29:09.6386398Z npm warn deprecated @mui/base@5.0.0-dev.20240529-082515-213b5e33ab: This package has been replaced by @base-ui-components/react
deploy	UNKNOWN STEP	2026-02-10T21:29:43.2205991Z 
deploy	UNKNOWN STEP	2026-02-10T21:29:43.2207111Z added 1012 packages, and audited 1013 packages in 47s
deploy	UNKNOWN STEP	2026-02-10T21:29:43.2208727Z 
deploy	UNKNOWN STEP	2026-02-10T21:29:43.2209543Z 196 packages are looking for funding
deploy	UNKNOWN STEP	2026-02-10T21:29:43.2210815Z   run `npm fund` for details
deploy	UNKNOWN STEP	2026-02-10T21:29:43.5827305Z 
deploy	UNKNOWN STEP	2026-02-10T21:29:43.5840474Z 24 vulnerabilities (6 low, 4 moderate, 14 high)
deploy	UNKNOWN STEP	2026-02-10T21:29:43.5841304Z 
deploy	UNKNOWN STEP	2026-02-10T21:29:43.5846992Z To address all issues, run:
deploy	UNKNOWN STEP	2026-02-10T21:29:43.5847445Z   npm audit fix
deploy	UNKNOWN STEP	2026-02-10T21:29:43.5847703Z 
deploy	UNKNOWN STEP	2026-02-10T21:29:43.5847912Z Run `npm audit` for details.
deploy	UNKNOWN STEP	2026-02-10T21:29:43.7889675Z 
deploy	UNKNOWN STEP	2026-02-10T21:29:43.7890646Z > chat-booking-admin-panel@1.0.0 lint
deploy	UNKNOWN STEP	2026-02-10T21:29:43.7891302Z > next lint
deploy	UNKNOWN STEP	2026-02-10T21:29:43.7891792Z 
deploy	UNKNOWN STEP	2026-02-10T21:29:47.0272852Z Attention: Next.js now collects completely anonymous telemetry regarding usage.
deploy	UNKNOWN STEP	2026-02-10T21:29:47.0276539Z This information is used to shape Next.js' roadmap and prioritize features.
deploy	UNKNOWN STEP	2026-02-10T21:29:47.0278049Z You can learn more, including how to opt-out if you'd not like to participate in this anonymous program, by visiting the following URL:
deploy	UNKNOWN STEP	2026-02-10T21:29:47.0279032Z https://nextjs.org/telemetry
deploy	UNKNOWN STEP	2026-02-10T21:29:47.0279282Z 
deploy	UNKNOWN STEP	2026-02-10T21:29:47.2608781Z 
deploy	UNKNOWN STEP	2026-02-10T21:29:47.2609399Z ./src/app/bookings/page.tsx
deploy	UNKNOWN STEP	2026-02-10T21:29:47.2611162Z 420:8  Warning: React Hook React.useEffect has a missing dependency: 'fetchProviderSchedule'. Either include it or remove the dependency array.  react-hooks/exhaustive-deps
deploy	UNKNOWN STEP	2026-02-10T21:29:47.2613051Z 
deploy	UNKNOWN STEP	2026-02-10T21:29:47.2613291Z ./src/app/services/page.tsx
deploy	UNKNOWN STEP	2026-02-10T21:29:47.2614968Z 170:8  Warning: React Hook React.useEffect has a missing dependency: 'formData.requiredRoomIds'. Either include it or remove the dependency array.  react-hooks/exhaustive-deps
deploy	UNKNOWN STEP	2026-02-10T21:29:47.2616171Z 
deploy	UNKNOWN STEP	2026-02-10T21:29:47.2616849Z ./src/app/settings/billing/page.tsx
deploy	UNKNOWN STEP	2026-02-10T21:29:47.2618316Z 47:8  Warning: React Hook useEffect has a missing dependency: 'fetchData'. Either include it or remove the dependency array.  react-hooks/exhaustive-deps
deploy	UNKNOWN STEP	2026-02-10T21:29:47.2619321Z 
deploy	UNKNOWN STEP	2026-02-10T21:29:47.2619689Z ./src/app/settings/tabs/__tests__/IdentityTab.test.tsx
deploy	UNKNOWN STEP	2026-02-10T21:29:47.2622605Z 15:37  Warning: Using `<img>` could result in slower LCP and higher bandwidth. Consider using `<Image />` from `next/image` to automatically optimize images. This may incur additional usage or cost from your provider. See: https://nextjs.org/docs/messages/no-img-element  @next/next/no-img-element
deploy	UNKNOWN STEP	2026-02-10T21:29:47.2624502Z 
deploy	UNKNOWN STEP	2026-02-10T21:29:47.2624793Z ./src/app/users/page.tsx
deploy	UNKNOWN STEP	2026-02-10T21:29:47.2626075Z 103:8  Warning: React Hook React.useCallback has a missing dependency: 't'. Either include it or remove the dependency array.  react-hooks/exhaustive-deps
deploy	UNKNOWN STEP	2026-02-10T21:29:47.2626972Z 
deploy	UNKNOWN STEP	2026-02-10T21:29:47.2627760Z info  - Need to disable some ESLint rules? Learn more here: https://nextjs.org/docs/basic-features/eslint#disabling-rules
deploy	UNKNOWN STEP	2026-02-10T21:29:47.4646527Z 
deploy	UNKNOWN STEP	2026-02-10T21:29:47.4647249Z > chat-booking-admin-panel@1.0.0 build
deploy	UNKNOWN STEP	2026-02-10T21:29:47.4652247Z > next build
deploy	UNKNOWN STEP	2026-02-10T21:29:47.4652504Z 
deploy	UNKNOWN STEP	2026-02-10T21:29:48.0047505Z   ‚ñ≤ Next.js 14.2.33
deploy	UNKNOWN STEP	2026-02-10T21:29:48.0051010Z 
deploy	UNKNOWN STEP	2026-02-10T21:29:48.0567199Z    Creating an optimized production build ...
deploy	UNKNOWN STEP	2026-02-10T21:30:23.9685336Z  ‚úì Compiled successfully
deploy	UNKNOWN STEP	2026-02-10T21:30:23.9701599Z    Linting and checking validity of types ...
deploy	UNKNOWN STEP	2026-02-10T21:30:25.7100305Z 
deploy	UNKNOWN STEP	2026-02-10T21:30:25.7105009Z ./src/app/bookings/page.tsx
deploy	UNKNOWN STEP	2026-02-10T21:30:25.7110483Z 420:8  Warning: React Hook React.useEffect has a missing dependency: 'fetchProviderSchedule'. Either include it or remove the dependency array.  react-hooks/exhaustive-deps
deploy	UNKNOWN STEP	2026-02-10T21:30:25.7115607Z 
deploy	UNKNOWN STEP	2026-02-10T21:30:25.7119704Z ./src/app/services/page.tsx
deploy	UNKNOWN STEP	2026-02-10T21:30:25.7153227Z 170:8  Warning: React Hook React.useEffect has a missing dependency: 'formData.requiredRoomIds'. Either include it or remove the dependency array.  react-hooks/exhaustive-deps
deploy	UNKNOWN STEP	2026-02-10T21:30:25.7154704Z 
deploy	UNKNOWN STEP	2026-02-10T21:30:25.7155189Z ./src/app/settings/billing/page.tsx
deploy	UNKNOWN STEP	2026-02-10T21:30:25.7156898Z 47:8  Warning: React Hook useEffect has a missing dependency: 'fetchData'. Either include it or remove the dependency array.  react-hooks/exhaustive-deps
deploy	UNKNOWN STEP	2026-02-10T21:30:25.7158133Z 
deploy	UNKNOWN STEP	2026-02-10T21:30:25.7192363Z ./src/app/settings/tabs/__tests__/IdentityTab.test.tsx
deploy	UNKNOWN STEP	2026-02-10T21:30:25.7195169Z 15:37  Warning: Using `<img>` could result in slower LCP and higher bandwidth. Consider using `<Image />` from `next/image` to automatically optimize images. This may incur additional usage or cost from your provider. See: https://nextjs.org/docs/messages/no-img-element  @next/next/no-img-element
deploy	UNKNOWN STEP	2026-02-10T21:30:25.7197122Z 
deploy	UNKNOWN STEP	2026-02-10T21:30:25.7197328Z ./src/app/users/page.tsx
deploy	UNKNOWN STEP	2026-02-10T21:30:25.7198730Z 103:8  Warning: React Hook React.useCallback has a missing dependency: 't'. Either include it or remove the dependency array.  react-hooks/exhaustive-deps
deploy	UNKNOWN STEP	2026-02-10T21:30:25.7199751Z 
deploy	UNKNOWN STEP	2026-02-10T21:30:25.7200637Z info  - Need to disable some ESLint rules? Learn more here: https://nextjs.org/docs/basic-features/eslint#disabling-rules
deploy	UNKNOWN STEP	2026-02-10T21:30:33.7569620Z    Collecting page data ...
deploy	UNKNOWN STEP	2026-02-10T21:30:36.0674817Z    Generating static pages (0/24) ...
deploy	UNKNOWN STEP	2026-02-10T21:30:36.3183435Z Amplify has not been configured. Please call Amplify.configure() before using this service.
deploy	UNKNOWN STEP	2026-02-10T21:30:36.3185096Z Amplify has not been configured. Please call Amplify.configure() before using this service.
deploy	UNKNOWN STEP	2026-02-10T21:30:36.3186380Z Amplify has not been configured. Please call Amplify.configure() before using this service.
deploy	UNKNOWN STEP	2026-02-10T21:30:36.3188182Z Amplify has not been configured. Please call Amplify.configure() before using this service.
deploy	UNKNOWN STEP	2026-02-10T21:30:36.3189442Z Amplify has not been configured. Please call Amplify.configure() before using this service.
deploy	UNKNOWN STEP	2026-02-10T21:30:36.7932911Z    Generating static pages (6/24) 
deploy	UNKNOWN STEP	2026-02-10T21:30:36.8719969Z    Generating static pages (12/24) 
deploy	UNKNOWN STEP	2026-02-10T21:30:36.9493936Z    Generating static pages (18/24) 
deploy	UNKNOWN STEP	2026-02-10T21:30:37.0704048Z  ‚úì Generating static pages (24/24)
deploy	UNKNOWN STEP	2026-02-10T21:30:37.4350527Z    Finalizing page optimization ...
deploy	UNKNOWN STEP	2026-02-10T21:30:37.4351349Z    Collecting build traces ...
deploy	UNKNOWN STEP	2026-02-10T21:30:41.8586343Z 
deploy	UNKNOWN STEP	2026-02-10T21:30:41.8618835Z Route (app)                              Size     First Load JS
deploy	UNKNOWN STEP	2026-02-10T21:30:41.8619956Z ‚îå ‚óã /                                    2.25 kB         113 kB
deploy	UNKNOWN STEP	2026-02-10T21:30:41.8620754Z ‚îú ‚óã /_not-found                          880 B          88.7 kB
deploy	UNKNOWN STEP	2026-02-10T21:30:41.8621708Z ‚îú ‚óã /availability                        10.8 kB         325 kB
deploy	UNKNOWN STEP	2026-02-10T21:30:41.8622577Z ‚îú ‚óã /bookings                            19.8 kB         331 kB
deploy	UNKNOWN STEP	2026-02-10T21:30:41.8623332Z ‚îú ‚óã /dashboard                           102 kB          349 kB
deploy	UNKNOWN STEP	2026-02-10T21:30:41.8624083Z ‚îú ‚óã /faqs                                7.04 kB         247 kB
deploy	UNKNOWN STEP	2026-02-10T21:30:41.8624918Z ‚îú ‚óã /knowledge                           8.11 kB         214 kB
deploy	UNKNOWN STEP	2026-02-10T21:30:41.8625563Z ‚îú ‚óã /login                               9 kB            221 kB
deploy	UNKNOWN STEP	2026-02-10T21:30:41.8626032Z ‚îú ‚óã /my-page                             6.21 kB         240 kB
deploy	UNKNOWN STEP	2026-02-10T21:30:41.8626499Z ‚îú ‚óã /onboarding                          9.17 kB         220 kB
deploy	UNKNOWN STEP	2026-02-10T21:30:41.8627161Z ‚îú ‚óã /providers                           16.8 kB         280 kB
deploy	UNKNOWN STEP	2026-02-10T21:30:41.8627619Z ‚îú ‚óã /register                            5.04 kB         251 kB
deploy	UNKNOWN STEP	2026-02-10T21:30:41.8628066Z ‚îú ‚óã /rooms                               5.97 kB         308 kB
deploy	UNKNOWN STEP	2026-02-10T21:30:41.8628507Z ‚îú ‚óã /services                            8.37 kB         246 kB
deploy	UNKNOWN STEP	2026-02-10T21:30:41.8628966Z ‚îú ‚óã /settings                            17.8 kB         287 kB
deploy	UNKNOWN STEP	2026-02-10T21:30:41.8629713Z ‚îú ‚óã /settings/billing                    5.67 kB         201 kB
deploy	UNKNOWN STEP	2026-02-10T21:30:41.8630507Z ‚îú ‚óã /users                               6.53 kB         254 kB
deploy	UNKNOWN STEP	2026-02-10T21:30:41.8631313Z ‚îú ‚óã /widgets/booking                     5.11 kB         226 kB
deploy	UNKNOWN STEP	2026-02-10T21:30:41.8633606Z ‚îú ‚óã /widgets/chat                        5.12 kB         217 kB
deploy	UNKNOWN STEP	2026-02-10T21:30:41.8634421Z ‚îú ‚óã /workflows                           4.62 kB         207 kB
deploy	UNKNOWN STEP	2026-02-10T21:30:41.8635248Z ‚îú ‚óã /workflows/detail                    61.7 kB         313 kB
deploy	UNKNOWN STEP	2026-02-10T21:30:41.8636048Z ‚îî ‚óã /workflows/new                       3.87 kB         237 kB
deploy	UNKNOWN STEP	2026-02-10T21:30:41.8636707Z + First Load JS shared by all            87.9 kB
deploy	UNKNOWN STEP	2026-02-10T21:30:41.8637357Z   ‚îú chunks/2117-cfbc72d1cbc923b0.js      32 kB
deploy	UNKNOWN STEP	2026-02-10T21:30:41.8637967Z   ‚îú chunks/fd9d1056-7939e9ddc510e184.js  53.6 kB
deploy	UNKNOWN STEP	2026-02-10T21:30:41.8638603Z   ‚îî other shared chunks (total)          2.25 kB
deploy	UNKNOWN STEP	2026-02-10T21:30:41.8638923Z 
deploy	UNKNOWN STEP	2026-02-10T21:30:41.8638931Z 
deploy	UNKNOWN STEP	2026-02-10T21:30:41.8639271Z ‚óã  (Static)  prerendered as static content
deploy	UNKNOWN STEP	2026-02-10T21:30:41.8639582Z 
deploy	UNKNOWN STEP	2026-02-10T21:30:41.9596236Z ##[group]Run aws-actions/configure-aws-credentials@v4
deploy	UNKNOWN STEP	2026-02-10T21:30:41.9596558Z with:
deploy	UNKNOWN STEP	2026-02-10T21:30:41.9596842Z   role-to-assume: arn:aws:iam::607250385528:role/OICD_GITHUB_ACTION_DEPLOY
deploy	UNKNOWN STEP	2026-02-10T21:30:41.9597213Z   aws-region: us-east-1
deploy	UNKNOWN STEP	2026-02-10T21:30:41.9597427Z   audience: sts.amazonaws.com
deploy	UNKNOWN STEP	2026-02-10T21:30:41.9597669Z   output-env-credentials: true
deploy	UNKNOWN STEP	2026-02-10T21:30:41.9597895Z ##[endgroup]
deploy	UNKNOWN STEP	2026-02-10T21:30:42.1801307Z Assuming role with OIDC
deploy	UNKNOWN STEP	2026-02-10T21:30:42.2551646Z Authenticated as assumedRoleId AROAY2YXRRJ4FJCZEMYSV:GitHubActions
deploy	UNKNOWN STEP	2026-02-10T21:30:42.2873759Z ##[group]Run npm ci
deploy	UNKNOWN STEP	2026-02-10T21:30:42.2874017Z [36;1mnpm ci[0m
deploy	UNKNOWN STEP	2026-02-10T21:30:42.2905300Z shell: /usr/bin/bash -e {0}
deploy	UNKNOWN STEP	2026-02-10T21:30:42.2905543Z env:
deploy	UNKNOWN STEP	2026-02-10T21:30:42.2905912Z   AWS_DEFAULT_REGION: us-east-1
deploy	UNKNOWN STEP	2026-02-10T21:30:42.2906164Z   AWS_REGION: us-east-1
deploy	UNKNOWN STEP	2026-02-10T21:30:42.2906675Z   AWS_ACCESS_KEY_ID: ***
deploy	UNKNOWN STEP	2026-02-10T21:30:42.2907032Z   AWS_SECRET_ACCESS_KEY: ***
deploy	UNKNOWN STEP	2026-02-10T21:30:42.2912041Z   AWS_SESSION_TOKEN: ***
deploy	UNKNOWN STEP	2026-02-10T21:30:42.2912279Z ##[endgroup]
deploy	UNKNOWN STEP	2026-02-10T21:30:46.5498290Z npm warn deprecated inflight@1.0.6: This module is not supported, and leaks memory. Do not use it. Check out lru-cache if you want a good and tested way to coalesce async requests by a key value, which is much more comprehensive and powerful.
deploy	UNKNOWN STEP	2026-02-10T21:30:46.6386271Z npm warn deprecated glob@7.2.3: Glob versions prior to v9 are no longer supported
deploy	UNKNOWN STEP	2026-02-10T21:30:47.9178040Z 
deploy	UNKNOWN STEP	2026-02-10T21:30:47.9178656Z added 299 packages, and audited 336 packages in 6s
deploy	UNKNOWN STEP	2026-02-10T21:30:47.9179206Z 
deploy	UNKNOWN STEP	2026-02-10T21:30:47.9179463Z 37 packages are looking for funding
deploy	UNKNOWN STEP	2026-02-10T21:30:47.9179947Z   run `npm fund` for details
deploy	UNKNOWN STEP	2026-02-10T21:30:47.9200615Z 
deploy	UNKNOWN STEP	2026-02-10T21:30:47.9200866Z 1 low severity vulnerability
deploy	UNKNOWN STEP	2026-02-10T21:30:47.9201172Z 
deploy	UNKNOWN STEP	2026-02-10T21:30:47.9201531Z To address all issues, run:
deploy	UNKNOWN STEP	2026-02-10T21:30:47.9201956Z   npm audit fix
deploy	UNKNOWN STEP	2026-02-10T21:30:47.9202156Z 
deploy	UNKNOWN STEP	2026-02-10T21:30:47.9202346Z Run `npm audit` for details.
deploy	UNKNOWN STEP	2026-02-10T21:30:47.9422951Z ##[group]Run npx cdk deploy --all --require-approval never
deploy	UNKNOWN STEP	2026-02-10T21:30:47.9423407Z [36;1mnpx cdk deploy --all --require-approval never[0m
deploy	UNKNOWN STEP	2026-02-10T21:30:47.9457323Z shell: /usr/bin/bash -e {0}
deploy	UNKNOWN STEP	2026-02-10T21:30:47.9457575Z env:
deploy	UNKNOWN STEP	2026-02-10T21:30:47.9457772Z   AWS_DEFAULT_REGION: us-east-1
deploy	UNKNOWN STEP	2026-02-10T21:30:47.9458034Z   AWS_REGION: us-east-1
deploy	UNKNOWN STEP	2026-02-10T21:30:47.9458499Z   AWS_ACCESS_KEY_ID: ***
deploy	UNKNOWN STEP	2026-02-10T21:30:47.9458856Z   AWS_SECRET_ACCESS_KEY: ***
deploy	UNKNOWN STEP	2026-02-10T21:30:47.9463652Z   AWS_SESSION_TOKEN: ***
deploy	UNKNOWN STEP	2026-02-10T21:30:47.9463888Z   ENV: dev
deploy	UNKNOWN STEP	2026-02-10T21:30:47.9464070Z ##[endgroup]
deploy	UNKNOWN STEP	2026-02-10T21:30:54.1891718Z 
deploy	UNKNOWN STEP	2026-02-10T21:30:54.1895741Z ‚ú®  Synthesis time: 5.2s
deploy	UNKNOWN STEP	2026-02-10T21:30:54.1896070Z 
deploy	UNKNOWN STEP	2026-02-10T21:30:54.7686143Z current credentials could not be used to assume 'arn:aws:iam::607250385528:role/cdk-hnb659fds-deploy-role-607250385528-us-east-1', but are for the right account. Proceeding anyway.
deploy	UNKNOWN STEP	2026-02-10T21:30:54.8523835Z ChatBooking-Admin: start: Building DeployAdminPanel/Asset1
deploy	UNKNOWN STEP	2026-02-10T21:30:54.8524746Z ChatBooking-Admin: success: Built DeployAdminPanel/Asset1
deploy	UNKNOWN STEP	2026-02-10T21:30:54.8536435Z ChatBooking-Admin: start: Building ChatBooking-Admin Template
deploy	UNKNOWN STEP	2026-02-10T21:30:54.8537329Z ChatBooking-Admin: success: Built ChatBooking-Admin Template
deploy	UNKNOWN STEP	2026-02-10T21:30:54.9468843Z ChatBooking-Admin: start: Publishing DeployAdminPanel/Asset1 (607250385528-us-east-1-4caa5b3a)
deploy	UNKNOWN STEP	2026-02-10T21:30:54.9495877Z ChatBooking-Admin: start: Publishing ChatBooking-Admin Template (607250385528-us-east-1-9f10f2df)
deploy	UNKNOWN STEP	2026-02-10T21:30:55.0720758Z current credentials could not be used to assume 'arn:aws:iam::607250385528:role/cdk-hnb659fds-file-publishing-role-607250385528-us-east-1', but are for the right account. Proceeding anyway.
deploy	UNKNOWN STEP	2026-02-10T21:30:55.0768338Z current credentials could not be used to assume 'arn:aws:iam::607250385528:role/cdk-hnb659fds-file-publishing-role-607250385528-us-east-1', but are for the right account. Proceeding anyway.
deploy	UNKNOWN STEP	2026-02-10T21:30:55.4039042Z ChatBooking-Admin: success: Published ChatBooking-Admin Template (607250385528-us-east-1-9f10f2df)
deploy	UNKNOWN STEP	2026-02-10T21:30:55.6199775Z ChatBooking-Admin: success: Published DeployAdminPanel/Asset1 (607250385528-us-east-1-4caa5b3a)
deploy	UNKNOWN STEP	2026-02-10T21:30:55.6209517Z ChatBooking-Admin: deploying... [1/1]
deploy	UNKNOWN STEP	2026-02-10T21:30:55.7037971Z current credentials could not be used to assume 'arn:aws:iam::607250385528:role/cdk-hnb659fds-deploy-role-607250385528-us-east-1', but are for the right account. Proceeding anyway.
deploy	UNKNOWN STEP	2026-02-10T21:30:56.2917354Z ChatBooking-Admin: creating CloudFormation changeset...
deploy	UNKNOWN STEP	2026-02-10T21:30:56.4416870Z 
deploy	UNKNOWN STEP	2026-02-10T21:30:56.4417919Z NOTICES         (What's this? https://github.com/aws/aws-cdk/wiki/CLI-Notices)
deploy	UNKNOWN STEP	2026-02-10T21:30:56.4418570Z 
deploy	UNKNOWN STEP	2026-02-10T21:30:56.4421301Z 34892	CDK CLI will collect telemetry data on command usage starting at version 2.1100.0 (unless opted out)
deploy	UNKNOWN STEP	2026-02-10T21:30:56.4422699Z 
deploy	UNKNOWN STEP	2026-02-10T21:30:56.4423153Z 	Overview: We do not collect customer content and we anonymize the
deploy	UNKNOWN STEP	2026-02-10T21:30:56.4424063Z 	          telemetry we do collect. See the attached issue for more
deploy	UNKNOWN STEP	2026-02-10T21:30:56.4424900Z 	          information on what data is collected, why, and how to
deploy	UNKNOWN STEP	2026-02-10T21:30:56.4425696Z 	          opt-out. Telemetry will NOT be collected for any CDK CLI
deploy	UNKNOWN STEP	2026-02-10T21:30:56.4426479Z 	          version prior to version 2.1100.0 - regardless of
deploy	UNKNOWN STEP	2026-02-10T21:30:56.4427326Z 	          opt-in/out. You can also preview the telemetry we will start
deploy	UNKNOWN STEP	2026-02-10T21:30:56.4428171Z 	          collecting by logging it to a local file, by adding
deploy	UNKNOWN STEP	2026-02-10T21:30:56.4428988Z 	          `--unstable=telemetry --telemetry-file=my/local/file` to any
deploy	UNKNOWN STEP	2026-02-10T21:30:56.4429678Z 	          `cdk` command.
deploy	UNKNOWN STEP	2026-02-10T21:30:56.4429952Z 
deploy	UNKNOWN STEP	2026-02-10T21:30:56.4430211Z 	Affected versions: cli: >=2.0.0 <2.1100.0
deploy	UNKNOWN STEP	2026-02-10T21:30:56.4430582Z 
deploy	UNKNOWN STEP	2026-02-10T21:30:56.4430969Z 	More information at: https://github.com/aws/aws-cdk/issues/34892
deploy	UNKNOWN STEP	2026-02-10T21:30:56.4431635Z 
deploy	UNKNOWN STEP	2026-02-10T21:30:56.4431644Z 
deploy	UNKNOWN STEP	2026-02-10T21:30:56.4433365Z If you don‚Äôt want to see a notice anymore, use "cdk acknowledge <id>". For example, "cdk acknowledge 34892".
deploy	UNKNOWN STEP	2026-02-10T21:30:56.4436181Z ‚ùå  ChatBooking-Admin failed: ValidationError: Stack:arn:aws:cloudformation:us-east-1:607250385528:stack/ChatBooking-Admin/f72f5fb0-d5fb-11f0-8809-0ebec566510b is in UPDATE_ROLLBACK_IN_PROGRESS state and can not be updated.
deploy	UNKNOWN STEP	2026-02-10T21:30:56.4694448Z ##[error]Process completed with exit code 1.
deploy	UNKNOWN STEP	2026-02-10T21:30:56.4769770Z Post job cleanup.
deploy	UNKNOWN STEP	2026-02-10T21:30:56.6065707Z Post job cleanup.
deploy	UNKNOWN STEP	2026-02-10T21:30:56.6996452Z [command]/usr/bin/git version
deploy	UNKNOWN STEP	2026-02-10T21:30:56.7033112Z git version 2.52.0
deploy	UNKNOWN STEP	2026-02-10T21:30:56.7077034Z Temporarily overriding HOME='/home/runner/work/_temp/9b806e27-2aad-4d39-9b15-b30c1e1fc0f8' before making global git config changes
deploy	UNKNOWN STEP	2026-02-10T21:30:56.7078661Z Adding repository directory to the temporary git global config as a safe directory
deploy	UNKNOWN STEP	2026-02-10T21:30:56.7090068Z [command]/usr/bin/git config --global --add safe.directory /home/runner/work/chat-booking-admin/chat-booking-admin
deploy	UNKNOWN STEP	2026-02-10T21:30:56.7123710Z [command]/usr/bin/git config --local --name-only --get-regexp core\.sshCommand
deploy	UNKNOWN STEP	2026-02-10T21:30:56.7156235Z [command]/usr/bin/git submodule foreach --recursive sh -c "git config --local --name-only --get-regexp 'core\.sshCommand' && git config --local --unset-all 'core.sshCommand' || :"
deploy	UNKNOWN STEP	2026-02-10T21:30:56.7384540Z [command]/usr/bin/git config --local --name-only --get-regexp http\.https\:\/\/github\.com\/\.extraheader
deploy	UNKNOWN STEP	2026-02-10T21:30:56.7404436Z http.https://github.com/.extraheader
deploy	UNKNOWN STEP	2026-02-10T21:30:56.7417468Z [command]/usr/bin/git config --local --unset-all http.https://github.com/.extraheader
deploy	UNKNOWN STEP	2026-02-10T21:30:56.7448320Z [command]/usr/bin/git submodule foreach --recursive sh -c "git config --local --name-only --get-regexp 'http\.https\:\/\/github\.com\/\.extraheader' && git config --local --unset-all 'http.https://github.com/.extraheader' || :"
deploy	UNKNOWN STEP	2026-02-10T21:30:56.7667946Z [command]/usr/bin/git config --local --name-only --get-regexp ^includeIf\.gitdir:
deploy	UNKNOWN STEP	2026-02-10T21:30:56.7698393Z [command]/usr/bin/git submodule foreach --recursive git config --local --show-origin --name-only --get-regexp remote.origin.url
deploy	UNKNOWN STEP	2026-02-10T21:30:56.8036882Z Cleaning up orphan processes
