deploy	UNKNOWN STEP	ï»¿2026-01-30T18:32:24.8778020Z Current runner version: '2.331.0'
deploy	UNKNOWN STEP	2026-01-30T18:32:24.8812842Z ##[group]Runner Image Provisioner
deploy	UNKNOWN STEP	2026-01-30T18:32:24.8814388Z Hosted Compute Agent
deploy	UNKNOWN STEP	2026-01-30T18:32:24.8815269Z Version: 20260123.484
deploy	UNKNOWN STEP	2026-01-30T18:32:24.8816445Z Commit: 6bd6555ca37d84114959e1c76d2c01448ff61c5d
deploy	UNKNOWN STEP	2026-01-30T18:32:24.8817805Z Build Date: 2026-01-23T19:41:17Z
deploy	UNKNOWN STEP	2026-01-30T18:32:24.8818835Z Worker ID: {15dfe29f-e5f0-42dc-9bb6-ceda0504e53a}
deploy	UNKNOWN STEP	2026-01-30T18:32:24.8820190Z Azure Region: eastus
deploy	UNKNOWN STEP	2026-01-30T18:32:24.8821070Z ##[endgroup]
deploy	UNKNOWN STEP	2026-01-30T18:32:24.8823476Z ##[group]Operating System
deploy	UNKNOWN STEP	2026-01-30T18:32:24.8824637Z Ubuntu
deploy	UNKNOWN STEP	2026-01-30T18:32:24.8825423Z 24.04.3
deploy	UNKNOWN STEP	2026-01-30T18:32:24.8826305Z LTS
deploy	UNKNOWN STEP	2026-01-30T18:32:24.8827057Z ##[endgroup]
deploy	UNKNOWN STEP	2026-01-30T18:32:24.8828109Z ##[group]Runner Image
deploy	UNKNOWN STEP	2026-01-30T18:32:24.8829646Z Image: ubuntu-24.04
deploy	UNKNOWN STEP	2026-01-30T18:32:24.8830564Z Version: 20260126.10.1
deploy	UNKNOWN STEP	2026-01-30T18:32:24.8832659Z Included Software: https://github.com/actions/runner-images/blob/ubuntu24/20260126.10/images/ubuntu/Ubuntu2404-Readme.md
deploy	UNKNOWN STEP	2026-01-30T18:32:24.8835207Z Image Release: https://github.com/actions/runner-images/releases/tag/ubuntu24%2F20260126.10
deploy	UNKNOWN STEP	2026-01-30T18:32:24.8836838Z ##[endgroup]
deploy	UNKNOWN STEP	2026-01-30T18:32:24.8839008Z ##[group]GITHUB_TOKEN Permissions
deploy	UNKNOWN STEP	2026-01-30T18:32:24.8841764Z Contents: read
deploy	UNKNOWN STEP	2026-01-30T18:32:24.8842632Z Metadata: read
deploy	UNKNOWN STEP	2026-01-30T18:32:24.8843452Z ##[endgroup]
deploy	UNKNOWN STEP	2026-01-30T18:32:24.8846309Z Secret source: Actions
deploy	UNKNOWN STEP	2026-01-30T18:32:24.8847881Z Prepare workflow directory
deploy	UNKNOWN STEP	2026-01-30T18:32:24.9321848Z Prepare all required actions
deploy	UNKNOWN STEP	2026-01-30T18:32:24.9379005Z Getting action download info
deploy	UNKNOWN STEP	2026-01-30T18:32:25.1859920Z Download action repository 'actions/checkout@v4' (SHA:34e114876b0b11c390a56381ad16ebd13914f8d5)
deploy	UNKNOWN STEP	2026-01-30T18:32:25.2892665Z Download action repository 'actions/setup-node@v4' (SHA:49933ea5288caeca8642d1e84afbd3f7d6820020)
deploy	UNKNOWN STEP	2026-01-30T18:32:25.3889927Z Download action repository 'aws-actions/configure-aws-credentials@v4' (SHA:7474bc4690e29a8392af63c5b98e7449536d5c3a)
deploy	UNKNOWN STEP	2026-01-30T18:32:25.7288055Z Complete job name: deploy
deploy	UNKNOWN STEP	2026-01-30T18:32:25.7973367Z ##[group]Run actions/checkout@v4
deploy	UNKNOWN STEP	2026-01-30T18:32:25.7974209Z with:
deploy	UNKNOWN STEP	2026-01-30T18:32:25.7974648Z   repository: AIX-Clever/chat-booking-admin
deploy	UNKNOWN STEP	2026-01-30T18:32:25.7975335Z   token: ***
deploy	UNKNOWN STEP	2026-01-30T18:32:25.7975719Z   ssh-strict: true
deploy	UNKNOWN STEP	2026-01-30T18:32:25.7976111Z   ssh-user: git
deploy	UNKNOWN STEP	2026-01-30T18:32:25.7976520Z   persist-credentials: true
deploy	UNKNOWN STEP	2026-01-30T18:32:25.7976962Z   clean: true
deploy	UNKNOWN STEP	2026-01-30T18:32:25.7977603Z   sparse-checkout-cone-mode: true
deploy	UNKNOWN STEP	2026-01-30T18:32:25.7978101Z   fetch-depth: 1
deploy	UNKNOWN STEP	2026-01-30T18:32:25.7978490Z   fetch-tags: false
deploy	UNKNOWN STEP	2026-01-30T18:32:25.7978898Z   show-progress: true
deploy	UNKNOWN STEP	2026-01-30T18:32:25.7979307Z   lfs: false
deploy	UNKNOWN STEP	2026-01-30T18:32:25.7979686Z   submodules: false
deploy	UNKNOWN STEP	2026-01-30T18:32:25.7980098Z   set-safe-directory: true
deploy	UNKNOWN STEP	2026-01-30T18:32:25.7980813Z ##[endgroup]
deploy	UNKNOWN STEP	2026-01-30T18:32:25.9090113Z Syncing repository: AIX-Clever/chat-booking-admin
deploy	UNKNOWN STEP	2026-01-30T18:32:25.9092791Z ##[group]Getting Git version info
deploy	UNKNOWN STEP	2026-01-30T18:32:25.9094166Z Working directory is '/home/runner/work/chat-booking-admin/chat-booking-admin'
deploy	UNKNOWN STEP	2026-01-30T18:32:25.9096386Z [command]/usr/bin/git version
deploy	UNKNOWN STEP	2026-01-30T18:32:25.9186350Z git version 2.52.0
deploy	UNKNOWN STEP	2026-01-30T18:32:25.9212650Z ##[endgroup]
deploy	UNKNOWN STEP	2026-01-30T18:32:25.9234436Z Temporarily overriding HOME='/home/runner/work/_temp/5c533518-5e47-427f-81af-0d3d7f3dda00' before making global git config changes
deploy	UNKNOWN STEP	2026-01-30T18:32:25.9235863Z Adding repository directory to the temporary git global config as a safe directory
deploy	UNKNOWN STEP	2026-01-30T18:32:25.9240042Z [command]/usr/bin/git config --global --add safe.directory /home/runner/work/chat-booking-admin/chat-booking-admin
deploy	UNKNOWN STEP	2026-01-30T18:32:25.9278021Z Deleting the contents of '/home/runner/work/chat-booking-admin/chat-booking-admin'
deploy	UNKNOWN STEP	2026-01-30T18:32:25.9281238Z ##[group]Initializing the repository
deploy	UNKNOWN STEP	2026-01-30T18:32:25.9285049Z [command]/usr/bin/git init /home/runner/work/chat-booking-admin/chat-booking-admin
deploy	UNKNOWN STEP	2026-01-30T18:32:25.9386773Z hint: Using 'master' as the name for the initial branch. This default branch name
deploy	UNKNOWN STEP	2026-01-30T18:32:25.9389181Z hint: will change to "main" in Git 3.0. To configure the initial branch name
deploy	UNKNOWN STEP	2026-01-30T18:32:25.9391219Z hint: to use in all of your new repositories, which will suppress this warning,
deploy	UNKNOWN STEP	2026-01-30T18:32:25.9392602Z hint: call:
deploy	UNKNOWN STEP	2026-01-30T18:32:25.9393245Z hint:
deploy	UNKNOWN STEP	2026-01-30T18:32:25.9393888Z hint: 	git config --global init.defaultBranch <name>
deploy	UNKNOWN STEP	2026-01-30T18:32:25.9394575Z hint:
deploy	UNKNOWN STEP	2026-01-30T18:32:25.9395222Z hint: Names commonly chosen instead of 'master' are 'main', 'trunk' and
deploy	UNKNOWN STEP	2026-01-30T18:32:25.9396273Z hint: 'development'. The just-created branch can be renamed via this command:
deploy	UNKNOWN STEP	2026-01-30T18:32:25.9396997Z hint:
deploy	UNKNOWN STEP	2026-01-30T18:32:25.9397764Z hint: 	git branch -m <name>
deploy	UNKNOWN STEP	2026-01-30T18:32:25.9398474Z hint:
deploy	UNKNOWN STEP	2026-01-30T18:32:25.9399049Z hint: Disable this message with "git config set advice.defaultBranchName false"
deploy	UNKNOWN STEP	2026-01-30T18:32:25.9400115Z Initialized empty Git repository in /home/runner/work/chat-booking-admin/chat-booking-admin/.git/
deploy	UNKNOWN STEP	2026-01-30T18:32:25.9403546Z [command]/usr/bin/git remote add origin https://github.com/AIX-Clever/chat-booking-admin
deploy	UNKNOWN STEP	2026-01-30T18:32:25.9437137Z ##[endgroup]
deploy	UNKNOWN STEP	2026-01-30T18:32:25.9438084Z ##[group]Disabling automatic garbage collection
deploy	UNKNOWN STEP	2026-01-30T18:32:25.9441112Z [command]/usr/bin/git config --local gc.auto 0
deploy	UNKNOWN STEP	2026-01-30T18:32:25.9469283Z ##[endgroup]
deploy	UNKNOWN STEP	2026-01-30T18:32:25.9470338Z ##[group]Setting up auth
deploy	UNKNOWN STEP	2026-01-30T18:32:25.9476078Z [command]/usr/bin/git config --local --name-only --get-regexp core\.sshCommand
deploy	UNKNOWN STEP	2026-01-30T18:32:25.9508506Z [command]/usr/bin/git submodule foreach --recursive sh -c "git config --local --name-only --get-regexp 'core\.sshCommand' && git config --local --unset-all 'core.sshCommand' || :"
deploy	UNKNOWN STEP	2026-01-30T18:32:25.9843404Z [command]/usr/bin/git config --local --name-only --get-regexp http\.https\:\/\/github\.com\/\.extraheader
deploy	UNKNOWN STEP	2026-01-30T18:32:25.9878464Z [command]/usr/bin/git submodule foreach --recursive sh -c "git config --local --name-only --get-regexp 'http\.https\:\/\/github\.com\/\.extraheader' && git config --local --unset-all 'http.https://github.com/.extraheader' || :"
deploy	UNKNOWN STEP	2026-01-30T18:32:26.0102144Z [command]/usr/bin/git config --local --name-only --get-regexp ^includeIf\.gitdir:
deploy	UNKNOWN STEP	2026-01-30T18:32:26.0132404Z [command]/usr/bin/git submodule foreach --recursive git config --local --show-origin --name-only --get-regexp remote.origin.url
deploy	UNKNOWN STEP	2026-01-30T18:32:26.0359711Z [command]/usr/bin/git config --local http.https://github.com/.extraheader AUTHORIZATION: basic ***
deploy	UNKNOWN STEP	2026-01-30T18:32:26.0395174Z ##[endgroup]
deploy	UNKNOWN STEP	2026-01-30T18:32:26.0396432Z ##[group]Fetching the repository
deploy	UNKNOWN STEP	2026-01-30T18:32:26.0404984Z [command]/usr/bin/git -c protocol.version=2 fetch --no-tags --prune --no-recurse-submodules --depth=1 origin +562a3ec0d9ff5fd778e06c070a258fcf79441ad3:refs/remotes/origin/dev
deploy	UNKNOWN STEP	2026-01-30T18:32:26.2910985Z From https://github.com/AIX-Clever/chat-booking-admin
deploy	UNKNOWN STEP	2026-01-30T18:32:26.2912997Z  * [new ref]         562a3ec0d9ff5fd778e06c070a258fcf79441ad3 -> origin/dev
deploy	UNKNOWN STEP	2026-01-30T18:32:26.2948370Z ##[endgroup]
deploy	UNKNOWN STEP	2026-01-30T18:32:26.2949744Z ##[group]Determining the checkout info
deploy	UNKNOWN STEP	2026-01-30T18:32:26.2951634Z ##[endgroup]
deploy	UNKNOWN STEP	2026-01-30T18:32:26.2956739Z [command]/usr/bin/git sparse-checkout disable
deploy	UNKNOWN STEP	2026-01-30T18:32:26.2999174Z [command]/usr/bin/git config --local --unset-all extensions.worktreeConfig
deploy	UNKNOWN STEP	2026-01-30T18:32:26.3033102Z ##[group]Checking out the ref
deploy	UNKNOWN STEP	2026-01-30T18:32:26.3039063Z [command]/usr/bin/git checkout --progress --force -B dev refs/remotes/origin/dev
deploy	UNKNOWN STEP	2026-01-30T18:32:26.3213569Z Switched to a new branch 'dev'
deploy	UNKNOWN STEP	2026-01-30T18:32:26.3217109Z branch 'dev' set up to track 'origin/dev'.
deploy	UNKNOWN STEP	2026-01-30T18:32:26.3224573Z ##[endgroup]
deploy	UNKNOWN STEP	2026-01-30T18:32:26.3261848Z [command]/usr/bin/git log -1 --format=%H
deploy	UNKNOWN STEP	2026-01-30T18:32:26.3284274Z 562a3ec0d9ff5fd778e06c070a258fcf79441ad3
deploy	UNKNOWN STEP	2026-01-30T18:32:26.3601833Z ##[group]Run actions/setup-node@v4
deploy	UNKNOWN STEP	2026-01-30T18:32:26.3602894Z with:
deploy	UNKNOWN STEP	2026-01-30T18:32:26.3603581Z   node-version: 20
deploy	UNKNOWN STEP	2026-01-30T18:32:26.3604354Z   always-auth: false
deploy	UNKNOWN STEP	2026-01-30T18:32:26.3605172Z   check-latest: false
deploy	UNKNOWN STEP	2026-01-30T18:32:26.3606267Z   token: ***
deploy	UNKNOWN STEP	2026-01-30T18:32:26.3606991Z ##[endgroup]
deploy	UNKNOWN STEP	2026-01-30T18:32:26.5379058Z Found in cache @ /opt/hostedtoolcache/node/20.20.0/x64
deploy	UNKNOWN STEP	2026-01-30T18:32:26.5382987Z ##[group]Environment details
deploy	UNKNOWN STEP	2026-01-30T18:32:26.8655186Z node: v20.20.0
deploy	UNKNOWN STEP	2026-01-30T18:32:26.8655560Z npm: 10.8.2
deploy	UNKNOWN STEP	2026-01-30T18:32:26.8655817Z yarn: 1.22.22
deploy	UNKNOWN STEP	2026-01-30T18:32:26.8656904Z ##[endgroup]
deploy	UNKNOWN STEP	2026-01-30T18:32:26.8772690Z ##[group]Run npm ci
deploy	UNKNOWN STEP	2026-01-30T18:32:26.8773172Z [36;1mnpm ci[0m
deploy	UNKNOWN STEP	2026-01-30T18:32:26.8773593Z [36;1mnpm run build[0m
deploy	UNKNOWN STEP	2026-01-30T18:32:26.8817031Z shell: /usr/bin/bash -e {0}
deploy	UNKNOWN STEP	2026-01-30T18:32:26.8817838Z env:
deploy	UNKNOWN STEP	2026-01-30T18:32:26.8818267Z   NEXT_PUBLIC_USER_POOL_ID: us-east-1_dG9vi0gz5
deploy	UNKNOWN STEP	2026-01-30T18:32:26.8818847Z   NEXT_PUBLIC_USER_POOL_CLIENT_ID: 7fst837q5gptanpev9fur88va6
deploy	UNKNOWN STEP	2026-01-30T18:32:26.8819738Z   NEXT_PUBLIC_GRAPHQL_ENDPOINT: https://gn6cbrywdnecbgdg6mg4lhi6xm.appsync-api.us-east-1.amazonaws.com/graphql
deploy	UNKNOWN STEP	2026-01-30T18:32:26.8820449Z   NEXT_PUBLIC_AWS_REGION: us-east-1
deploy	UNKNOWN STEP	2026-01-30T18:32:26.8820863Z ##[endgroup]
deploy	UNKNOWN STEP	2026-01-30T18:32:29.8741381Z npm warn deprecated whatwg-encoding@3.1.1: Use @exodus/bytes instead for a more spec-conformant and faster implementation
deploy	UNKNOWN STEP	2026-01-30T18:32:30.2933660Z npm warn deprecated rimraf@3.0.2: Rimraf versions prior to v4 are no longer supported
deploy	UNKNOWN STEP	2026-01-30T18:32:31.1369376Z npm warn deprecated inflight@1.0.6: This module is not supported, and leaks memory. Do not use it. Check out lru-cache if you want a good and tested way to coalesce async requests by a key value, which is much more comprehensive and powerful.
deploy	UNKNOWN STEP	2026-01-30T18:32:33.5673365Z npm warn deprecated @humanwhocodes/object-schema@2.0.3: Use @eslint/object-schema instead
deploy	UNKNOWN STEP	2026-01-30T18:32:33.6228088Z npm warn deprecated @humanwhocodes/config-array@0.13.0: Use @eslint/config-array instead
deploy	UNKNOWN STEP	2026-01-30T18:32:34.4073925Z npm warn deprecated glob@7.2.3: Glob versions prior to v9 are no longer supported
deploy	UNKNOWN STEP	2026-01-30T18:32:34.5700510Z npm warn deprecated glob@7.2.3: Glob versions prior to v9 are no longer supported
deploy	UNKNOWN STEP	2026-01-30T18:32:38.4901568Z npm warn deprecated eslint@8.57.1: This version is no longer supported. Please see https://eslint.org/version-support for other options.
deploy	UNKNOWN STEP	2026-01-30T18:32:40.4138614Z npm warn deprecated @mui/base@5.0.0-dev.20240529-082515-213b5e33ab: This package has been replaced by @base-ui-components/react
deploy	UNKNOWN STEP	2026-01-30T18:33:15.0368988Z 
deploy	UNKNOWN STEP	2026-01-30T18:33:15.0369842Z added 1009 packages, and audited 1010 packages in 48s
deploy	UNKNOWN STEP	2026-01-30T18:33:15.0370239Z 
deploy	UNKNOWN STEP	2026-01-30T18:33:15.0370457Z 196 packages are looking for funding
deploy	UNKNOWN STEP	2026-01-30T18:33:15.0370869Z   run `npm fund` for details
deploy	UNKNOWN STEP	2026-01-30T18:33:15.3766391Z 
deploy	UNKNOWN STEP	2026-01-30T18:33:15.3767552Z 23 vulnerabilities (13 low, 6 moderate, 4 high)
deploy	UNKNOWN STEP	2026-01-30T18:33:15.3768127Z 
deploy	UNKNOWN STEP	2026-01-30T18:33:15.3768537Z To address issues that do not require attention, run:
deploy	UNKNOWN STEP	2026-01-30T18:33:15.3769124Z   npm audit fix
deploy	UNKNOWN STEP	2026-01-30T18:33:15.3769331Z 
deploy	UNKNOWN STEP	2026-01-30T18:33:15.3769726Z To address all issues (including breaking changes), run:
deploy	UNKNOWN STEP	2026-01-30T18:33:15.3770332Z   npm audit fix --force
deploy	UNKNOWN STEP	2026-01-30T18:33:15.3770596Z 
deploy	UNKNOWN STEP	2026-01-30T18:33:15.3770823Z Run `npm audit` for details.
deploy	UNKNOWN STEP	2026-01-30T18:33:15.5411911Z 
deploy	UNKNOWN STEP	2026-01-30T18:33:15.5412488Z > chat-booking-admin-panel@1.0.0 build
deploy	UNKNOWN STEP	2026-01-30T18:33:15.5412873Z > next build
deploy	UNKNOWN STEP	2026-01-30T18:33:15.5413007Z 
deploy	UNKNOWN STEP	2026-01-30T18:33:16.0353597Z âš  No build cache found. Please configure build caching for faster rebuilds. Read more: https://nextjs.org/docs/messages/no-cache
deploy	UNKNOWN STEP	2026-01-30T18:33:16.0480948Z Attention: Next.js now collects completely anonymous telemetry regarding usage.
deploy	UNKNOWN STEP	2026-01-30T18:33:16.0484369Z This information is used to shape Next.js' roadmap and prioritize features.
deploy	UNKNOWN STEP	2026-01-30T18:33:16.0486473Z You can learn more, including how to opt-out if you'd not like to participate in this anonymous program, by visiting the following URL:
deploy	UNKNOWN STEP	2026-01-30T18:33:16.0492889Z https://nextjs.org/telemetry
deploy	UNKNOWN STEP	2026-01-30T18:33:16.0493213Z 
deploy	UNKNOWN STEP	2026-01-30T18:33:16.1003418Z   â–² Next.js 14.2.33
deploy	UNKNOWN STEP	2026-01-30T18:33:16.1003752Z 
deploy	UNKNOWN STEP	2026-01-30T18:33:16.1545657Z    Creating an optimized production build ...
deploy	UNKNOWN STEP	2026-01-30T18:33:53.3365611Z  âœ“ Compiled successfully
deploy	UNKNOWN STEP	2026-01-30T18:33:53.3377292Z    Linting and checking validity of types ...
deploy	UNKNOWN STEP	2026-01-30T18:33:57.3784991Z 
deploy	UNKNOWN STEP	2026-01-30T18:33:57.3785693Z ./src/app/services/page.tsx
deploy	UNKNOWN STEP	2026-01-30T18:33:57.3788117Z 170:8  Warning: React Hook React.useEffect has a missing dependency: 'formData.requiredRoomIds'. Either include it or remove the dependency array.  react-hooks/exhaustive-deps
deploy	UNKNOWN STEP	2026-01-30T18:33:57.3789322Z 
deploy	UNKNOWN STEP	2026-01-30T18:33:57.3789585Z ./src/app/settings/billing/page.tsx
deploy	UNKNOWN STEP	2026-01-30T18:33:57.3791059Z 44:8  Warning: React Hook useEffect has a missing dependency: 'fetchData'. Either include it or remove the dependency array.  react-hooks/exhaustive-deps
deploy	UNKNOWN STEP	2026-01-30T18:33:57.3792059Z 
deploy	UNKNOWN STEP	2026-01-30T18:33:57.3792268Z ./src/app/users/page.tsx
deploy	UNKNOWN STEP	2026-01-30T18:33:57.3793625Z 103:8  Warning: React Hook React.useCallback has a missing dependency: 't'. Either include it or remove the dependency array.  react-hooks/exhaustive-deps
deploy	UNKNOWN STEP	2026-01-30T18:33:57.3794617Z 
deploy	UNKNOWN STEP	2026-01-30T18:33:57.3795523Z info  - Need to disable some ESLint rules? Learn more here: https://nextjs.org/docs/basic-features/eslint#disabling-rules
deploy	UNKNOWN STEP	2026-01-30T18:34:03.6884167Z Failed to compile.
deploy	UNKNOWN STEP	2026-01-30T18:34:03.6884542Z 
deploy	UNKNOWN STEP	2026-01-30T18:34:03.6885315Z ./src/app/widgets/booking/page.tsx:14:63
deploy	UNKNOWN STEP	2026-01-30T18:34:03.6886343Z Type error: Property 'slug' does not exist on type 'Tenant'.
deploy	UNKNOWN STEP	2026-01-30T18:34:03.6886836Z 
deploy	UNKNOWN STEP	2026-01-30T18:34:03.6888000Z [0m [90m 12 |[39m     [36mconst[39m { tenant } [33m=[39m useTenant()[33m;[39m[0m
deploy	UNKNOWN STEP	2026-01-30T18:34:03.6888881Z [0m [90m 13 |[39m[0m
deploy	UNKNOWN STEP	2026-01-30T18:34:03.6890581Z [0m[31m[1m>[22m[39m[90m 14 |[39m     [36mconst[39m publicUrl [33m=[39m [32m`https://booking.holalucia.cl/${tenant?.slug || ''}`[39m[33m;[39m[0m
deploy	UNKNOWN STEP	2026-01-30T18:34:03.6892505Z [0m [90m    |[39m                                                               [31m[1m^[22m[39m[0m
deploy	UNKNOWN STEP	2026-01-30T18:34:03.6893354Z [0m [90m 15 |[39m[0m
deploy	UNKNOWN STEP	2026-01-30T18:34:03.6894377Z [0m [90m 16 |[39m     [36mconst[39m handleCopy [33m=[39m () [33m=>[39m {[0m
deploy	UNKNOWN STEP	2026-01-30T18:34:03.6896038Z [0m [90m 17 |[39m         navigator[33m.[39mclipboard[33m.[39mwriteText(publicUrl)[33m;[39m[0m
deploy	UNKNOWN STEP	2026-01-30T18:34:03.7625264Z Next.js build worker exited with code: 1 and signal: null
deploy	UNKNOWN STEP	2026-01-30T18:34:03.9043891Z ##[error]Process completed with exit code 1.
deploy	UNKNOWN STEP	2026-01-30T18:34:03.9168502Z Post job cleanup.
deploy	UNKNOWN STEP	2026-01-30T18:34:04.0099070Z [command]/usr/bin/git version
deploy	UNKNOWN STEP	2026-01-30T18:34:04.0134623Z git version 2.52.0
deploy	UNKNOWN STEP	2026-01-30T18:34:04.0178841Z Temporarily overriding HOME='/home/runner/work/_temp/3fe680a0-dd94-4cda-8186-89c3145a4ff2' before making global git config changes
deploy	UNKNOWN STEP	2026-01-30T18:34:04.0180406Z Adding repository directory to the temporary git global config as a safe directory
deploy	UNKNOWN STEP	2026-01-30T18:34:04.0185706Z [command]/usr/bin/git config --global --add safe.directory /home/runner/work/chat-booking-admin/chat-booking-admin
deploy	UNKNOWN STEP	2026-01-30T18:34:04.0225782Z [command]/usr/bin/git config --local --name-only --get-regexp core\.sshCommand
deploy	UNKNOWN STEP	2026-01-30T18:34:04.0257267Z [command]/usr/bin/git submodule foreach --recursive sh -c "git config --local --name-only --get-regexp 'core\.sshCommand' && git config --local --unset-all 'core.sshCommand' || :"
deploy	UNKNOWN STEP	2026-01-30T18:34:04.0485751Z [command]/usr/bin/git config --local --name-only --get-regexp http\.https\:\/\/github\.com\/\.extraheader
deploy	UNKNOWN STEP	2026-01-30T18:34:04.0506682Z http.https://github.com/.extraheader
deploy	UNKNOWN STEP	2026-01-30T18:34:04.0520038Z [command]/usr/bin/git config --local --unset-all http.https://github.com/.extraheader
deploy	UNKNOWN STEP	2026-01-30T18:34:04.0551079Z [command]/usr/bin/git submodule foreach --recursive sh -c "git config --local --name-only --get-regexp 'http\.https\:\/\/github\.com\/\.extraheader' && git config --local --unset-all 'http.https://github.com/.extraheader' || :"
deploy	UNKNOWN STEP	2026-01-30T18:34:04.0778410Z [command]/usr/bin/git config --local --name-only --get-regexp ^includeIf\.gitdir:
deploy	UNKNOWN STEP	2026-01-30T18:34:04.0809076Z [command]/usr/bin/git submodule foreach --recursive git config --local --show-origin --name-only --get-regexp remote.origin.url
deploy	UNKNOWN STEP	2026-01-30T18:34:04.1134709Z Cleaning up orphan processes
