deploy	Set up job	ï»¿2026-03-01T15:32:16.2591059Z Current runner version: '2.331.0'
deploy	Set up job	2026-03-01T15:32:16.2618454Z ##[group]Runner Image Provisioner
deploy	Set up job	2026-03-01T15:32:16.2619381Z Hosted Compute Agent
deploy	Set up job	2026-03-01T15:32:16.2619975Z Version: 20260213.493
deploy	Set up job	2026-03-01T15:32:16.2620658Z Commit: 5c115507f6dd24b8de37d8bbe0bb4509d0cc0fa3
deploy	Set up job	2026-03-01T15:32:16.2621373Z Build Date: 2026-02-13T00:28:41Z
deploy	Set up job	2026-03-01T15:32:16.2622064Z Worker ID: {117ef59f-04e3-41f4-8b18-93a541265014}
deploy	Set up job	2026-03-01T15:32:16.2622881Z Azure Region: westcentralus
deploy	Set up job	2026-03-01T15:32:16.2623486Z ##[endgroup]
deploy	Set up job	2026-03-01T15:32:16.2624880Z ##[group]Operating System
deploy	Set up job	2026-03-01T15:32:16.2625625Z Ubuntu
deploy	Set up job	2026-03-01T15:32:16.2626151Z 24.04.3
deploy	Set up job	2026-03-01T15:32:16.2626597Z LTS
deploy	Set up job	2026-03-01T15:32:16.2627152Z ##[endgroup]
deploy	Set up job	2026-03-01T15:32:16.2627683Z ##[group]Runner Image
deploy	Set up job	2026-03-01T15:32:16.2628214Z Image: ubuntu-24.04
deploy	Set up job	2026-03-01T15:32:16.2629175Z Version: 20260224.36.1
deploy	Set up job	2026-03-01T15:32:16.2630292Z Included Software: https://github.com/actions/runner-images/blob/ubuntu24/20260224.36/images/ubuntu/Ubuntu2404-Readme.md
deploy	Set up job	2026-03-01T15:32:16.2632024Z Image Release: https://github.com/actions/runner-images/releases/tag/ubuntu24%2F20260224.36
deploy	Set up job	2026-03-01T15:32:16.2632950Z ##[endgroup]
deploy	Set up job	2026-03-01T15:32:16.2634000Z ##[group]GITHUB_TOKEN Permissions
deploy	Set up job	2026-03-01T15:32:16.2635879Z Contents: read
deploy	Set up job	2026-03-01T15:32:16.2636532Z Metadata: read
deploy	Set up job	2026-03-01T15:32:16.2637105Z ##[endgroup]
deploy	Set up job	2026-03-01T15:32:16.2639736Z Secret source: Actions
deploy	Set up job	2026-03-01T15:32:16.2640536Z Prepare workflow directory
deploy	Set up job	2026-03-01T15:32:16.2994688Z Prepare all required actions
deploy	Set up job	2026-03-01T15:32:16.3033959Z Getting action download info
deploy	Set up job	2026-03-01T15:32:16.7116773Z Download action repository 'actions/checkout@v4' (SHA:34e114876b0b11c390a56381ad16ebd13914f8d5)
deploy	Set up job	2026-03-01T15:32:16.8364845Z Download action repository 'actions/setup-node@v4' (SHA:49933ea5288caeca8642d1e84afbd3f7d6820020)
deploy	Set up job	2026-03-01T15:32:16.9294877Z Download action repository 'aws-actions/configure-aws-credentials@v4' (SHA:7474bc4690e29a8392af63c5b98e7449536d5c3a)
deploy	Set up job	2026-03-01T15:32:17.6593858Z Complete job name: deploy
deploy	Checkout repo	ï»¿2026-03-01T15:32:17.7370469Z ##[group]Run actions/checkout@v4
deploy	Checkout repo	2026-03-01T15:32:17.7371563Z with:
deploy	Checkout repo	2026-03-01T15:32:17.7372075Z   repository: AIX-Clever/chat-booking-admin
deploy	Checkout repo	2026-03-01T15:32:17.7372879Z   token: ***
deploy	Checkout repo	2026-03-01T15:32:17.7373302Z   ssh-strict: true
deploy	Checkout repo	2026-03-01T15:32:17.7373737Z   ssh-user: git
deploy	Checkout repo	2026-03-01T15:32:17.7374182Z   persist-credentials: true
deploy	Checkout repo	2026-03-01T15:32:17.7374676Z   clean: true
deploy	Checkout repo	2026-03-01T15:32:17.7375112Z   sparse-checkout-cone-mode: true
deploy	Checkout repo	2026-03-01T15:32:17.7375643Z   fetch-depth: 1
deploy	Checkout repo	2026-03-01T15:32:17.7376061Z   fetch-tags: false
deploy	Checkout repo	2026-03-01T15:32:17.7376519Z   show-progress: true
deploy	Checkout repo	2026-03-01T15:32:17.7376978Z   lfs: false
deploy	Checkout repo	2026-03-01T15:32:17.7377381Z   submodules: false
deploy	Checkout repo	2026-03-01T15:32:17.7377859Z   set-safe-directory: true
deploy	Checkout repo	2026-03-01T15:32:17.7378852Z ##[endgroup]
deploy	Checkout repo	2026-03-01T15:32:17.8506083Z Syncing repository: AIX-Clever/chat-booking-admin
deploy	Checkout repo	2026-03-01T15:32:17.8508495Z ##[group]Getting Git version info
deploy	Checkout repo	2026-03-01T15:32:17.8509676Z Working directory is '/home/runner/work/chat-booking-admin/chat-booking-admin'
deploy	Checkout repo	2026-03-01T15:32:17.8511008Z [command]/usr/bin/git version
deploy	Checkout repo	2026-03-01T15:32:17.8601839Z git version 2.53.0
deploy	Checkout repo	2026-03-01T15:32:17.8629805Z ##[endgroup]
deploy	Checkout repo	2026-03-01T15:32:17.8656121Z Temporarily overriding HOME='/home/runner/work/_temp/e53f3e01-c419-4b1f-ae4c-cd41a81c5725' before making global git config changes
deploy	Checkout repo	2026-03-01T15:32:17.8659135Z Adding repository directory to the temporary git global config as a safe directory
deploy	Checkout repo	2026-03-01T15:32:17.8664014Z [command]/usr/bin/git config --global --add safe.directory /home/runner/work/chat-booking-admin/chat-booking-admin
deploy	Checkout repo	2026-03-01T15:32:17.8709758Z Deleting the contents of '/home/runner/work/chat-booking-admin/chat-booking-admin'
deploy	Checkout repo	2026-03-01T15:32:17.8714608Z ##[group]Initializing the repository
deploy	Checkout repo	2026-03-01T15:32:17.8720392Z [command]/usr/bin/git init /home/runner/work/chat-booking-admin/chat-booking-admin
deploy	Checkout repo	2026-03-01T15:32:17.8836478Z hint: Using 'master' as the name for the initial branch. This default branch name
deploy	Checkout repo	2026-03-01T15:32:17.8838726Z hint: will change to "main" in Git 3.0. To configure the initial branch name
deploy	Checkout repo	2026-03-01T15:32:17.8840524Z hint: to use in all of your new repositories, which will suppress this warning,
deploy	Checkout repo	2026-03-01T15:32:17.8841668Z hint: call:
deploy	Checkout repo	2026-03-01T15:32:17.8842536Z hint:
deploy	Checkout repo	2026-03-01T15:32:17.8843555Z hint: 	git config --global init.defaultBranch <name>
deploy	Checkout repo	2026-03-01T15:32:17.8844766Z hint:
deploy	Checkout repo	2026-03-01T15:32:17.8845882Z hint: Names commonly chosen instead of 'master' are 'main', 'trunk' and
deploy	Checkout repo	2026-03-01T15:32:17.8847721Z hint: 'development'. The just-created branch can be renamed via this command:
deploy	Checkout repo	2026-03-01T15:32:17.8849403Z hint:
deploy	Checkout repo	2026-03-01T15:32:17.8850175Z hint: 	git branch -m <name>
deploy	Checkout repo	2026-03-01T15:32:17.8851027Z hint:
deploy	Checkout repo	2026-03-01T15:32:17.8852153Z hint: Disable this message with "git config set advice.defaultBranchName false"
deploy	Checkout repo	2026-03-01T15:32:17.8854342Z Initialized empty Git repository in /home/runner/work/chat-booking-admin/chat-booking-admin/.git/
deploy	Checkout repo	2026-03-01T15:32:17.8858045Z [command]/usr/bin/git remote add origin https://github.com/AIX-Clever/chat-booking-admin
deploy	Checkout repo	2026-03-01T15:32:17.8899177Z ##[endgroup]
deploy	Checkout repo	2026-03-01T15:32:17.8900797Z ##[group]Disabling automatic garbage collection
deploy	Checkout repo	2026-03-01T15:32:17.8904743Z [command]/usr/bin/git config --local gc.auto 0
deploy	Checkout repo	2026-03-01T15:32:17.8938569Z ##[endgroup]
deploy	Checkout repo	2026-03-01T15:32:17.8940007Z ##[group]Setting up auth
deploy	Checkout repo	2026-03-01T15:32:17.8947020Z [command]/usr/bin/git config --local --name-only --get-regexp core\.sshCommand
deploy	Checkout repo	2026-03-01T15:32:17.8982788Z [command]/usr/bin/git submodule foreach --recursive sh -c "git config --local --name-only --get-regexp 'core\.sshCommand' && git config --local --unset-all 'core.sshCommand' || :"
deploy	Checkout repo	2026-03-01T15:32:17.9362760Z [command]/usr/bin/git config --local --name-only --get-regexp http\.https\:\/\/github\.com\/\.extraheader
deploy	Checkout repo	2026-03-01T15:32:17.9395672Z [command]/usr/bin/git submodule foreach --recursive sh -c "git config --local --name-only --get-regexp 'http\.https\:\/\/github\.com\/\.extraheader' && git config --local --unset-all 'http.https://github.com/.extraheader' || :"
deploy	Checkout repo	2026-03-01T15:32:17.9639616Z [command]/usr/bin/git config --local --name-only --get-regexp ^includeIf\.gitdir:
deploy	Checkout repo	2026-03-01T15:32:17.9681566Z [command]/usr/bin/git submodule foreach --recursive git config --local --show-origin --name-only --get-regexp remote.origin.url
deploy	Checkout repo	2026-03-01T15:32:17.9926042Z [command]/usr/bin/git config --local http.https://github.com/.extraheader AUTHORIZATION: basic ***
deploy	Checkout repo	2026-03-01T15:32:17.9964670Z ##[endgroup]
deploy	Checkout repo	2026-03-01T15:32:17.9966210Z ##[group]Fetching the repository
deploy	Checkout repo	2026-03-01T15:32:17.9975223Z [command]/usr/bin/git -c protocol.version=2 fetch --no-tags --prune --no-recurse-submodules --depth=1 origin +fdc251e3501aed15f32f952feef8f86dee73f41a:refs/remotes/origin/dev
deploy	Checkout repo	2026-03-01T15:32:18.5620811Z From https://github.com/AIX-Clever/chat-booking-admin
deploy	Checkout repo	2026-03-01T15:32:18.5622415Z  * [new ref]         fdc251e3501aed15f32f952feef8f86dee73f41a -> origin/dev
deploy	Checkout repo	2026-03-01T15:32:18.5657381Z ##[endgroup]
deploy	Checkout repo	2026-03-01T15:32:18.5658553Z ##[group]Determining the checkout info
deploy	Checkout repo	2026-03-01T15:32:18.5660298Z ##[endgroup]
deploy	Checkout repo	2026-03-01T15:32:18.5665336Z [command]/usr/bin/git sparse-checkout disable
deploy	Checkout repo	2026-03-01T15:32:18.5712695Z [command]/usr/bin/git config --local --unset-all extensions.worktreeConfig
deploy	Checkout repo	2026-03-01T15:32:18.5742035Z ##[group]Checking out the ref
deploy	Checkout repo	2026-03-01T15:32:18.5746511Z [command]/usr/bin/git checkout --progress --force -B dev refs/remotes/origin/dev
deploy	Checkout repo	2026-03-01T15:32:18.5972031Z Switched to a new branch 'dev'
deploy	Checkout repo	2026-03-01T15:32:18.5974750Z branch 'dev' set up to track 'origin/dev'.
deploy	Checkout repo	2026-03-01T15:32:18.5986187Z ##[endgroup]
deploy	Checkout repo	2026-03-01T15:32:18.6034149Z [command]/usr/bin/git log -1 --format=%H
deploy	Checkout repo	2026-03-01T15:32:18.6061066Z fdc251e3501aed15f32f952feef8f86dee73f41a
deploy	Setup Node.js	ï»¿2026-03-01T15:32:18.6316277Z ##[group]Run actions/setup-node@v4
deploy	Setup Node.js	2026-03-01T15:32:18.6316906Z with:
deploy	Setup Node.js	2026-03-01T15:32:18.6317326Z   node-version: 20
deploy	Setup Node.js	2026-03-01T15:32:18.6317780Z   always-auth: false
deploy	Setup Node.js	2026-03-01T15:32:18.6318247Z   check-latest: false
deploy	Setup Node.js	2026-03-01T15:32:18.6319100Z   token: ***
deploy	Setup Node.js	2026-03-01T15:32:18.6319733Z ##[endgroup]
deploy	Setup Node.js	2026-03-01T15:32:18.8141472Z Found in cache @ /opt/hostedtoolcache/node/20.20.0/x64
deploy	Setup Node.js	2026-03-01T15:32:18.8148492Z ##[group]Environment details
deploy	Setup Node.js	2026-03-01T15:32:19.1559115Z node: v20.20.0
deploy	Setup Node.js	2026-03-01T15:32:19.1560616Z npm: 10.8.2
deploy	Setup Node.js	2026-03-01T15:32:19.1561540Z yarn: 1.22.22
deploy	Setup Node.js	2026-03-01T15:32:19.1563331Z ##[endgroup]
deploy	Install and Build App	ï»¿2026-03-01T15:32:19.1717191Z ##[group]Run npm ci
deploy	Install and Build App	2026-03-01T15:32:19.1718672Z [36;1mnpm ci[0m
deploy	Install and Build App	2026-03-01T15:32:19.1719993Z [36;1m# Run lint check (if it fails, deployment stops)[0m
deploy	Install and Build App	2026-03-01T15:32:19.1722226Z [36;1mnpm run lint || echo "Lint failed but proceeding for now (Soft Gate)"[0m
deploy	Install and Build App	2026-03-01T15:32:19.1724172Z [36;1mnpm run build[0m
deploy	Install and Build App	2026-03-01T15:32:19.1788847Z shell: /usr/bin/bash -e {0}
deploy	Install and Build App	2026-03-01T15:32:19.1790091Z env:
deploy	Install and Build App	2026-03-01T15:32:19.1791157Z   NEXT_PUBLIC_USER_POOL_ID: us-east-1_dG9vi0gz5
deploy	Install and Build App	2026-03-01T15:32:19.1792927Z   NEXT_PUBLIC_USER_POOL_CLIENT_ID: 7fst837q5gptanpev9fur88va6
deploy	Install and Build App	2026-03-01T15:32:19.1795931Z   NEXT_PUBLIC_GRAPHQL_ENDPOINT: https://gn6cbrywdnecbgdg6mg4lhi6xm.appsync-api.us-east-1.amazonaws.com/graphql
deploy	Install and Build App	2026-03-01T15:32:19.1798774Z   NEXT_PUBLIC_AWS_REGION: us-east-1
deploy	Install and Build App	2026-03-01T15:32:19.1800845Z   NEXT_PUBLIC_RECAPTCHA_SITE_KEY: ***
deploy	Install and Build App	2026-03-01T15:32:19.1802111Z ##[endgroup]
deploy	Install and Build App	2026-03-01T15:32:22.3036426Z npm warn deprecated whatwg-encoding@3.1.1: Use @exodus/bytes instead for a more spec-conformant and faster implementation
deploy	Install and Build App	2026-03-01T15:32:22.8211041Z npm warn deprecated rimraf@3.0.2: Rimraf versions prior to v4 are no longer supported
deploy	Install and Build App	2026-03-01T15:32:23.7162625Z npm warn deprecated inflight@1.0.6: This module is not supported, and leaks memory. Do not use it. Check out lru-cache if you want a good and tested way to coalesce async requests by a key value, which is much more comprehensive and powerful.
deploy	Install and Build App	2026-03-01T15:32:26.1176464Z npm warn deprecated @humanwhocodes/object-schema@2.0.3: Use @eslint/object-schema instead
deploy	Install and Build App	2026-03-01T15:32:26.1409275Z npm warn deprecated @humanwhocodes/config-array@0.13.0: Use @eslint/config-array instead
deploy	Install and Build App	2026-03-01T15:32:26.9709441Z npm warn deprecated glob@7.2.3: Glob versions prior to v9 are no longer supported
deploy	Install and Build App	2026-03-01T15:32:27.1062911Z npm warn deprecated glob@7.2.3: Glob versions prior to v9 are no longer supported
deploy	Install and Build App	2026-03-01T15:32:31.7340289Z npm warn deprecated eslint@8.57.1: This version is no longer supported. Please see https://eslint.org/version-support for other options.
deploy	Install and Build App	2026-03-01T15:32:33.6656131Z npm warn deprecated @mui/base@5.0.0-dev.20240529-082515-213b5e33ab: This package has been replaced by @base-ui-components/react
deploy	Install and Build App	2026-03-01T15:33:10.7573348Z 
deploy	Install and Build App	2026-03-01T15:33:10.7574600Z added 1012 packages, and audited 1013 packages in 51s
deploy	Install and Build App	2026-03-01T15:33:10.7575123Z 
deploy	Install and Build App	2026-03-01T15:33:10.7575442Z 196 packages are looking for funding
deploy	Install and Build App	2026-03-01T15:33:10.7575983Z   run `npm fund` for details
deploy	Install and Build App	2026-03-01T15:33:11.1222858Z 
deploy	Install and Build App	2026-03-01T15:33:11.1223973Z 26 vulnerabilities (15 low, 5 moderate, 5 high, 1 critical)
deploy	Install and Build App	2026-03-01T15:33:11.1224614Z 
deploy	Install and Build App	2026-03-01T15:33:11.1224917Z To address all issues, run:
deploy	Install and Build App	2026-03-01T15:33:11.1225446Z   npm audit fix
deploy	Install and Build App	2026-03-01T15:33:11.1225736Z 
deploy	Install and Build App	2026-03-01T15:33:11.1225986Z Run `npm audit` for details.
deploy	Install and Build App	2026-03-01T15:33:11.2868169Z 
deploy	Install and Build App	2026-03-01T15:33:11.2869174Z > chat-booking-admin-panel@1.2.10 lint
deploy	Install and Build App	2026-03-01T15:33:11.2869834Z > next lint
deploy	Install and Build App	2026-03-01T15:33:11.2870217Z 
deploy	Install and Build App	2026-03-01T15:33:15.0904004Z Attention: Next.js now collects completely anonymous telemetry regarding usage.
deploy	Install and Build App	2026-03-01T15:33:15.0908228Z This information is used to shape Next.js' roadmap and prioritize features.
deploy	Install and Build App	2026-03-01T15:33:15.0911879Z You can learn more, including how to opt-out if you'd not like to participate in this anonymous program, by visiting the following URL:
deploy	Install and Build App	2026-03-01T15:33:15.0913030Z https://nextjs.org/telemetry
deploy	Install and Build App	2026-03-01T15:33:15.0913400Z 
deploy	Install and Build App	2026-03-01T15:33:15.3539352Z âœ” No ESLint warnings or errors
deploy	Install and Build App	2026-03-01T15:33:15.5736867Z 
deploy	Install and Build App	2026-03-01T15:33:15.5737642Z > chat-booking-admin-panel@1.2.10 build
deploy	Install and Build App	2026-03-01T15:33:15.5738518Z > next build
deploy	Install and Build App	2026-03-01T15:33:15.5738718Z 
deploy	Install and Build App	2026-03-01T15:33:16.1302340Z   â–² Next.js 14.2.33
deploy	Install and Build App	2026-03-01T15:33:16.1306472Z 
deploy	Install and Build App	2026-03-01T15:33:16.1851619Z    Creating an optimized production build ...
deploy	Install and Build App	2026-03-01T15:33:56.1191295Z  âœ“ Compiled successfully
deploy	Install and Build App	2026-03-01T15:33:56.1243476Z    Linting and checking validity of types ...
deploy	Install and Build App	2026-03-01T15:34:07.0247534Z Failed to compile.
deploy	Install and Build App	2026-03-01T15:34:07.0251835Z 
deploy	Install and Build App	2026-03-01T15:34:07.0285353Z ./src/app/providers/page.tsx:533:55
deploy	Install and Build App	2026-03-01T15:34:07.0287954Z Type error: Cannot find name 'e'.
deploy	Install and Build App	2026-03-01T15:34:07.0288474Z 
deploy	Install and Build App	2026-03-01T15:34:07.0289564Z [0m [90m 531 |[39m                         placeholder[33m=[39m{t([32m'searchPlaceholder'[39m)}[0m
deploy	Install and Build App	2026-03-01T15:34:07.0290714Z [0m [90m 532 |[39m                         value[33m=[39m{searchTerm}[0m
deploy	Install and Build App	2026-03-01T15:34:07.0292094Z [0m[31m[1m>[22m[39m[90m 533 |[39m                         onChange[33m=[39m{() [33m=>[39m setSearchTerm(e[33m.[39mtarget[33m.[39mvalue)}[0m
deploy	Install and Build App	2026-03-01T15:34:07.0293528Z [0m [90m     |[39m                                                       [31m[1m^[22m[39m[0m
deploy	Install and Build App	2026-03-01T15:34:07.0294458Z [0m [90m 534 |[39m                         [33mInputProps[39m[33m=[39m{{[0m
deploy	Install and Build App	2026-03-01T15:34:07.0295314Z [0m [90m 535 |[39m                             startAdornment[33m:[39m ([0m
deploy	Install and Build App	2026-03-01T15:34:07.0296612Z [0m [90m 536 |[39m                                 [33m<[39m[33mInputAdornment[39m position[33m=[39m[32m"start"[39m[33m>[39m[0m
deploy	Install and Build App	2026-03-01T15:34:07.1042915Z Next.js build worker exited with code: 1 and signal: null
deploy	Install and Build App	2026-03-01T15:34:07.2406574Z ##[error]Process completed with exit code 1.
deploy	Post Checkout repo	ï»¿2026-03-01T15:34:07.2538092Z Post job cleanup.
deploy	Post Checkout repo	2026-03-01T15:34:07.3508871Z [command]/usr/bin/git version
deploy	Post Checkout repo	2026-03-01T15:34:07.3547071Z git version 2.53.0
deploy	Post Checkout repo	2026-03-01T15:34:07.3591062Z Temporarily overriding HOME='/home/runner/work/_temp/fbb27cae-5124-467f-8a12-3cb620a776b2' before making global git config changes
deploy	Post Checkout repo	2026-03-01T15:34:07.3592593Z Adding repository directory to the temporary git global config as a safe directory
deploy	Post Checkout repo	2026-03-01T15:34:07.3603964Z [command]/usr/bin/git config --global --add safe.directory /home/runner/work/chat-booking-admin/chat-booking-admin
deploy	Post Checkout repo	2026-03-01T15:34:07.3641786Z [command]/usr/bin/git config --local --name-only --get-regexp core\.sshCommand
deploy	Post Checkout repo	2026-03-01T15:34:07.3679119Z [command]/usr/bin/git submodule foreach --recursive sh -c "git config --local --name-only --get-regexp 'core\.sshCommand' && git config --local --unset-all 'core.sshCommand' || :"
deploy	Post Checkout repo	2026-03-01T15:34:07.3924954Z [command]/usr/bin/git config --local --name-only --get-regexp http\.https\:\/\/github\.com\/\.extraheader
deploy	Post Checkout repo	2026-03-01T15:34:07.3946810Z http.https://github.com/.extraheader
deploy	Post Checkout repo	2026-03-01T15:34:07.3960022Z [command]/usr/bin/git config --local --unset-all http.https://github.com/.extraheader
deploy	Post Checkout repo	2026-03-01T15:34:07.3993394Z [command]/usr/bin/git submodule foreach --recursive sh -c "git config --local --name-only --get-regexp 'http\.https\:\/\/github\.com\/\.extraheader' && git config --local --unset-all 'http.https://github.com/.extraheader' || :"
deploy	Post Checkout repo	2026-03-01T15:34:07.4233421Z [command]/usr/bin/git config --local --name-only --get-regexp ^includeIf\.gitdir:
deploy	Post Checkout repo	2026-03-01T15:34:07.4266162Z [command]/usr/bin/git submodule foreach --recursive git config --local --show-origin --name-only --get-regexp remote.origin.url
deploy	Complete job	ï»¿2026-03-01T15:34:07.4638115Z Cleaning up orphan processes
